May  4 10:21:27 syslogd started: BusyBox v1.27.2
May  4 10:21:27 kernel: klogd started: BusyBox v1.27.2 (Ubuntu 1:1.27.2-2ubuntu3)
May  4 10:21:27 kernel: [    0.000000] Linux version 4.15.0-20-generic (buildd@lgw01-amd64-039) (gcc version 7.3.0 (Ubuntu 7.3.0-16ubuntu3)) #21-Ubuntu SMP Tue Apr 24 06:16:15 UTC 2018 (Ubuntu 4.15.0-20.21-generic 4.15.17)
May  4 10:21:27 kernel: [    0.000000] Command line: BOOT_IMAGE=linux vga=788 initrd=initrd.gz --- quiet 
May  4 10:21:27 kernel: [    0.000000] KERNEL supported cpus:
May  4 10:21:27 kernel: [    0.000000]   Intel GenuineIntel
May  4 10:21:27 kernel: [    0.000000]   AMD AuthenticAMD
May  4 10:21:27 kernel: [    0.000000]   Centaur CentaurHauls
May  4 10:21:27 kernel: [    0.000000] Disabled fast string operations
May  4 10:21:27 kernel: [    0.000000] x86/fpu: Supporting XSAVE feature 0x001: 'x87 floating point registers'
May  4 10:21:27 kernel: [    0.000000] x86/fpu: Supporting XSAVE feature 0x002: 'SSE registers'
May  4 10:21:27 kernel: [    0.000000] x86/fpu: Supporting XSAVE feature 0x004: 'AVX registers'
May  4 10:21:27 kernel: [    0.000000] x86/fpu: xstate_offset[2]:  576, xstate_sizes[2]:  256
May  4 10:21:27 kernel: [    0.000000] x86/fpu: Enabled xstate features 0x7, context size is 832 bytes, using 'standard' format.
May  4 10:21:27 kernel: [    0.000000] e820: BIOS-provided physical RAM map:
May  4 10:21:27 kernel: [    0.000000] BIOS-e820: [mem 0x0000000000000000-0x000000000009e7ff] usable
May  4 10:21:27 kernel: [    0.000000] BIOS-e820: [mem 0x000000000009e800-0x000000000009ffff] reserved
May  4 10:21:27 kernel: [    0.000000] BIOS-e820: [mem 0x00000000000dc000-0x00000000000fffff] reserved
May  4 10:21:27 kernel: [    0.000000] BIOS-e820: [mem 0x0000000000100000-0x000000007fedffff] usable
May  4 10:21:27 kernel: [    0.000000] BIOS-e820: [mem 0x000000007fee0000-0x000000007fefefff] ACPI data
May  4 10:21:27 kernel: [    0.000000] BIOS-e820: [mem 0x000000007feff000-0x000000007fefffff] ACPI NVS
May  4 10:21:27 kernel: [    0.000000] BIOS-e820: [mem 0x000000007ff00000-0x000000007fffffff] usable
May  4 10:21:27 kernel: [    0.000000] BIOS-e820: [mem 0x00000000f0000000-0x00000000f7ffffff] reserved
May  4 10:21:27 kernel: [    0.000000] BIOS-e820: [mem 0x00000000fec00000-0x00000000fec0ffff] reserved
May  4 10:21:27 kernel: [    0.000000] BIOS-e820: [mem 0x00000000fee00000-0x00000000fee00fff] reserved
May  4 10:21:27 kernel: [    0.000000] BIOS-e820: [mem 0x00000000fffe0000-0x00000000ffffffff] reserved
May  4 10:21:27 kernel: [    0.000000] NX (Execute Disable) protection: active
May  4 10:21:27 kernel: [    0.000000] random: fast init done
May  4 10:21:27 kernel: [    0.000000] SMBIOS 2.7 present.
May  4 10:21:27 kernel: [    0.000000] DMI: VMware, Inc. VMware Virtual Platform/440BX Desktop Reference Platform, BIOS 6.00 07/29/2019
May  4 10:21:27 kernel: [    0.000000] Hypervisor detected: VMware
May  4 10:21:27 kernel: [    0.000000] vmware: TSC freq read from hypervisor : 2494.227 MHz
May  4 10:21:27 kernel: [    0.000000] vmware: Host bus clock speed read from hypervisor : 66000000 Hz
May  4 10:21:27 kernel: [    0.000000] vmware: using sched offset of 7008857006 ns
May  4 10:21:27 kernel: [    0.000000] e820: update [mem 0x00000000-0x00000fff] usable ==> reserved
May  4 10:21:27 kernel: [    0.000000] e820: remove [mem 0x000a0000-0x000fffff] usable
May  4 10:21:27 kernel: [    0.000000] e820: last_pfn = 0x80000 max_arch_pfn = 0x400000000
May  4 10:21:27 kernel: [    0.000000] MTRR default type: uncachable
May  4 10:21:27 kernel: [    0.000000] MTRR fixed ranges enabled:
May  4 10:21:27 kernel: [    0.000000]   00000-9FFFF write-back
May  4 10:21:27 kernel: [    0.000000]   A0000-BFFFF uncachable
May  4 10:21:27 kernel: [    0.000000]   C0000-CFFFF write-protect
May  4 10:21:27 kernel: [    0.000000]   D0000-EFFFF uncachable
May  4 10:21:27 kernel: [    0.000000]   F0000-FFFFF write-protect
May  4 10:21:27 kernel: [    0.000000] MTRR variable ranges enabled:
May  4 10:21:27 kernel: [    0.000000]   0 base 00000000000 mask 7F000000000 write-back
May  4 10:21:27 kernel: [    0.000000]   1 base 000C0000000 mask 7FFC0000000 uncachable
May  4 10:21:27 kernel: [    0.000000]   2 disabled
May  4 10:21:27 kernel: [    0.000000]   3 disabled
May  4 10:21:27 kernel: [    0.000000]   4 disabled
May  4 10:21:27 kernel: [    0.000000]   5 disabled
May  4 10:21:27 kernel: [    0.000000]   6 disabled
May  4 10:21:27 kernel: [    0.000000]   7 disabled
May  4 10:21:27 kernel: [    0.000000] x86/PAT: Configuration [0-7]: WB  WC  UC- UC  WB  WP  UC- WT  
May  4 10:21:27 kernel: [    0.000000] total RAM covered: 64512M
May  4 10:21:27 kernel: [    0.000000] Found optimal setting for mtrr clean up
May  4 10:21:27 kernel: [    0.000000]  gran_size: 64K 	chunk_size: 64K 	num_reg: 6  	lose cover RAM: 0G
May  4 10:21:27 kernel: [    0.000000] e820: update [mem 0xc0000000-0xffffffff] usable ==> reserved
May  4 10:21:27 kernel: [    0.000000] found SMP MP-table at [mem 0x000f6a70-0x000f6a7f] mapped at [        (ptrval)]
May  4 10:21:27 kernel: [    0.000000] Scanning 1 areas for low memory corruption
May  4 10:21:27 kernel: [    0.000000] Base memory trampoline at [        (ptrval)] 98000 size 24576
May  4 10:21:27 kernel: [    0.000000] Using GB pages for direct mapping
May  4 10:21:27 kernel: [    0.000000] BRK [0x6bb3f000, 0x6bb3ffff] PGTABLE
May  4 10:21:27 kernel: [    0.000000] BRK [0x6bb40000, 0x6bb40fff] PGTABLE
May  4 10:21:27 kernel: [    0.000000] BRK [0x6bb41000, 0x6bb41fff] PGTABLE
May  4 10:21:27 kernel: [    0.000000] BRK [0x6bb42000, 0x6bb42fff] PGTABLE
May  4 10:21:27 kernel: [    0.000000] BRK [0x6bb43000, 0x6bb43fff] PGTABLE
May  4 10:21:27 kernel: [    0.000000] BRK [0x6bb44000, 0x6bb44fff] PGTABLE
May  4 10:21:27 kernel: [    0.000000] RAMDISK: [mem 0x7d22e000-0x7fedffff]
May  4 10:21:27 kernel: [    0.000000] ACPI: Early table checksum verification disabled
May  4 10:21:27 kernel: [    0.000000] ACPI: RSDP 0x00000000000F6A00 000024 (v02 PTLTD )
May  4 10:21:27 kernel: [    0.000000] ACPI: XSDT 0x000000007FEE8633 00005C (v01 INTEL  440BX    06040000 VMW  01324272)
May  4 10:21:27 kernel: [    0.000000] ACPI: FACP 0x000000007FEFEE73 0000F4 (v04 INTEL  440BX    06040000 PTL  000F4240)
May  4 10:21:27 kernel: [    0.000000] ACPI: DSDT 0x000000007FEEA36E 014B05 (v01 PTLTD  Custom   06040000 MSFT 03000001)
May  4 10:21:27 kernel: [    0.000000] ACPI: FACS 0x000000007FEFFFC0 000040
May  4 10:21:27 kernel: [    0.000000] ACPI: FACS 0x000000007FEFFFC0 000040
May  4 10:21:27 kernel: [    0.000000] ACPI: BOOT 0x000000007FEEA346 000028 (v01 PTLTD  $SBFTBL$ 06040000  LTP 00000001)
May  4 10:21:27 kernel: [    0.000000] ACPI: APIC 0x000000007FEE98BD 000742 (v01 PTLTD  ? APIC   06040000  LTP 00000000)
May  4 10:21:27 kernel: [    0.000000] ACPI: MCFG 0x000000007FEE9881 00003C (v01 PTLTD  $PCITBL$ 06040000  LTP 00000001)
May  4 10:21:27 kernel: [    0.000000] ACPI: SRAT 0x000000007FEE872F 0008D0 (v02 VMWARE MEMPLUG  06040000 VMW  00000001)
May  4 10:21:27 kernel: [    0.000000] ACPI: HPET 0x000000007FEE86F7 000038 (v01 VMWARE VMW HPET 06040000 VMW  00000001)
May  4 10:21:27 kernel: [    0.000000] ACPI: WAET 0x000000007FEE86CF 000028 (v01 VMWARE VMW WAET 06040000 VMW  00000001)
May  4 10:21:27 kernel: [    0.000000] ACPI: Local APIC address 0xfee00000
May  4 10:21:27 kernel: [    0.000000] system APIC only can use physical flat
May  4 10:21:27 kernel: [    0.000000] Setting APIC routing to physical flat.
May  4 10:21:27 kernel: [    0.000000] SRAT: PXM 0 -> APIC 0x00 -> Node 0
May  4 10:21:27 kernel: [    0.000000] SRAT: PXM 0 -> APIC 0x02 -> Node 0
May  4 10:21:27 kernel: [    0.000000] SRAT: PXM 0 -> APIC 0x04 -> Node 0
May  4 10:21:27 kernel: [    0.000000] SRAT: PXM 0 -> APIC 0x06 -> Node 0
May  4 10:21:27 kernel: [    0.000000] SRAT: PXM 0 -> APIC 0x08 -> Node 0
May  4 10:21:27 kernel: [    0.000000] SRAT: PXM 0 -> APIC 0x0a -> Node 0
May  4 10:21:27 kernel: [    0.000000] SRAT: PXM 0 -> APIC 0x0c -> Node 0
May  4 10:21:27 kernel: [    0.000000] SRAT: PXM 0 -> APIC 0x0e -> Node 0
May  4 10:21:27 kernel: [    0.000000] SRAT: PXM 0 -> APIC 0x10 -> Node 0
May  4 10:21:27 kernel: [    0.000000] SRAT: PXM 0 -> APIC 0x12 -> Node 0
May  4 10:21:27 kernel: [    0.000000] SRAT: PXM 0 -> APIC 0x14 -> Node 0
May  4 10:21:27 kernel: [    0.000000] SRAT: PXM 0 -> APIC 0x16 -> Node 0
May  4 10:21:27 kernel: [    0.000000] SRAT: PXM 0 -> APIC 0x18 -> Node 0
May  4 10:21:27 kernel: [    0.000000] SRAT: PXM 0 -> APIC 0x1a -> Node 0
May  4 10:21:27 kernel: [    0.000000] SRAT: PXM 0 -> APIC 0x1c -> Node 0
May  4 10:21:27 kernel: [    0.000000] SRAT: PXM 0 -> APIC 0x1e -> Node 0
May  4 10:21:27 kernel: [    0.000000] SRAT: PXM 0 -> APIC 0x20 -> Node 0
May  4 10:21:27 kernel: [    0.000000] SRAT: PXM 0 -> APIC 0x22 -> Node 0
May  4 10:21:27 kernel: [    0.000000] SRAT: PXM 0 -> APIC 0x24 -> Node 0
May  4 10:21:27 kernel: [    0.000000] SRAT: PXM 0 -> APIC 0x26 -> Node 0
May  4 10:21:27 kernel: [    0.000000] SRAT: PXM 0 -> APIC 0x28 -> Node 0
May  4 10:21:27 kernel: [    0.000000] SRAT: PXM 0 -> APIC 0x2a -> Node 0
May  4 10:21:27 kernel: [    0.000000] SRAT: PXM 0 -> APIC 0x2c -> Node 0
May  4 10:21:27 kernel: [    0.000000] SRAT: PXM 0 -> APIC 0x2e -> Node 0
May  4 10:21:27 kernel: [    0.000000] SRAT: PXM 0 -> APIC 0x30 -> Node 0
May  4 10:21:27 kernel: [    0.000000] SRAT: PXM 0 -> APIC 0x32 -> Node 0
May  4 10:21:27 kernel: [    0.000000] SRAT: PXM 0 -> APIC 0x34 -> Node 0
May  4 10:21:27 kernel: [    0.000000] SRAT: PXM 0 -> APIC 0x36 -> Node 0
May  4 10:21:27 kernel: [    0.000000] SRAT: PXM 0 -> APIC 0x38 -> Node 0
May  4 10:21:27 kernel: [    0.000000] SRAT: PXM 0 -> APIC 0x3a -> Node 0
May  4 10:21:27 kernel: [    0.000000] SRAT: PXM 0 -> APIC 0x3c -> Node 0
May  4 10:21:27 kernel: [    0.000000] SRAT: PXM 0 -> APIC 0x3e -> Node 0
May  4 10:21:27 kernel: [    0.000000] SRAT: PXM 0 -> APIC 0x40 -> Node 0
May  4 10:21:27 kernel: [    0.000000] SRAT: PXM 0 -> APIC 0x42 -> Node 0
May  4 10:21:27 kernel: [    0.000000] SRAT: PXM 0 -> APIC 0x44 -> Node 0
May  4 10:21:27 kernel: [    0.000000] SRAT: PXM 0 -> APIC 0x46 -> Node 0
May  4 10:21:27 kernel: [    0.000000] SRAT: PXM 0 -> APIC 0x48 -> Node 0
May  4 10:21:27 kernel: [    0.000000] SRAT: PXM 0 -> APIC 0x4a -> Node 0
May  4 10:21:27 kernel: [    0.000000] SRAT: PXM 0 -> APIC 0x4c -> Node 0
May  4 10:21:27 kernel: [    0.000000] SRAT: PXM 0 -> APIC 0x4e -> Node 0
May  4 10:21:27 kernel: [    0.000000] SRAT: PXM 0 -> APIC 0x50 -> Node 0
May  4 10:21:27 kernel: [    0.000000] SRAT: PXM 0 -> APIC 0x52 -> Node 0
May  4 10:21:27 kernel: [    0.000000] SRAT: PXM 0 -> APIC 0x54 -> Node 0
May  4 10:21:27 kernel: [    0.000000] SRAT: PXM 0 -> APIC 0x56 -> Node 0
May  4 10:21:27 kernel: [    0.000000] SRAT: PXM 0 -> APIC 0x58 -> Node 0
May  4 10:21:27 kernel: [    0.000000] SRAT: PXM 0 -> APIC 0x5a -> Node 0
May  4 10:21:27 kernel: [    0.000000] SRAT: PXM 0 -> APIC 0x5c -> Node 0
May  4 10:21:27 kernel: [    0.000000] SRAT: PXM 0 -> APIC 0x5e -> Node 0
May  4 10:21:27 kernel: [    0.000000] SRAT: PXM 0 -> APIC 0x60 -> Node 0
May  4 10:21:27 kernel: [    0.000000] SRAT: PXM 0 -> APIC 0x62 -> Node 0
May  4 10:21:27 kernel: [    0.000000] SRAT: PXM 0 -> APIC 0x64 -> Node 0
May  4 10:21:27 kernel: [    0.000000] SRAT: PXM 0 -> APIC 0x66 -> Node 0
May  4 10:21:27 kernel: [    0.000000] SRAT: PXM 0 -> APIC 0x68 -> Node 0
May  4 10:21:27 kernel: [    0.000000] SRAT: PXM 0 -> APIC 0x6a -> Node 0
May  4 10:21:27 kernel: [    0.000000] SRAT: PXM 0 -> APIC 0x6c -> Node 0
May  4 10:21:27 kernel: [    0.000000] SRAT: PXM 0 -> APIC 0x6e -> Node 0
May  4 10:21:27 kernel: [    0.000000] SRAT: PXM 0 -> APIC 0x70 -> Node 0
May  4 10:21:27 kernel: [    0.000000] SRAT: PXM 0 -> APIC 0x72 -> Node 0
May  4 10:21:27 kernel: [    0.000000] SRAT: PXM 0 -> APIC 0x74 -> Node 0
May  4 10:21:27 kernel: [    0.000000] SRAT: PXM 0 -> APIC 0x76 -> Node 0
May  4 10:21:27 kernel: [    0.000000] SRAT: PXM 0 -> APIC 0x78 -> Node 0
May  4 10:21:27 kernel: [    0.000000] SRAT: PXM 0 -> APIC 0x7a -> Node 0
May  4 10:21:27 kernel: [    0.000000] SRAT: PXM 0 -> APIC 0x7c -> Node 0
May  4 10:21:27 kernel: [    0.000000] SRAT: PXM 0 -> APIC 0x7e -> Node 0
May  4 10:21:27 kernel: [    0.000000] SRAT: PXM 0 -> APIC 0x80 -> Node 0
May  4 10:21:27 kernel: [    0.000000] SRAT: PXM 0 -> APIC 0x82 -> Node 0
May  4 10:21:27 kernel: [    0.000000] SRAT: PXM 0 -> APIC 0x84 -> Node 0
May  4 10:21:27 kernel: [    0.000000] SRAT: PXM 0 -> APIC 0x86 -> Node 0
May  4 10:21:27 kernel: [    0.000000] SRAT: PXM 0 -> APIC 0x88 -> Node 0
May  4 10:21:27 kernel: [    0.000000] SRAT: PXM 0 -> APIC 0x8a -> Node 0
May  4 10:21:27 kernel: [    0.000000] SRAT: PXM 0 -> APIC 0x8c -> Node 0
May  4 10:21:27 kernel: [    0.000000] SRAT: PXM 0 -> APIC 0x8e -> Node 0
May  4 10:21:27 kernel: [    0.000000] SRAT: PXM 0 -> APIC 0x90 -> Node 0
May  4 10:21:27 kernel: [    0.000000] SRAT: PXM 0 -> APIC 0x92 -> Node 0
May  4 10:21:27 kernel: [    0.000000] SRAT: PXM 0 -> APIC 0x94 -> Node 0
May  4 10:21:27 kernel: [    0.000000] SRAT: PXM 0 -> APIC 0x96 -> Node 0
May  4 10:21:27 kernel: [    0.000000] SRAT: PXM 0 -> APIC 0x98 -> Node 0
May  4 10:21:27 kernel: [    0.000000] SRAT: PXM 0 -> APIC 0x9a -> Node 0
May  4 10:21:27 kernel: [    0.000000] SRAT: PXM 0 -> APIC 0x9c -> Node 0
May  4 10:21:27 kernel: [    0.000000] SRAT: PXM 0 -> APIC 0x9e -> Node 0
May  4 10:21:27 kernel: [    0.000000] SRAT: PXM 0 -> APIC 0xa0 -> Node 0
May  4 10:21:27 kernel: [    0.000000] SRAT: PXM 0 -> APIC 0xa2 -> Node 0
May  4 10:21:27 kernel: [    0.000000] SRAT: PXM 0 -> APIC 0xa4 -> Node 0
May  4 10:21:27 kernel: [    0.000000] SRAT: PXM 0 -> APIC 0xa6 -> Node 0
May  4 10:21:27 kernel: [    0.000000] SRAT: PXM 0 -> APIC 0xa8 -> Node 0
May  4 10:21:27 kernel: [    0.000000] SRAT: PXM 0 -> APIC 0xaa -> Node 0
May  4 10:21:27 kernel: [    0.000000] SRAT: PXM 0 -> APIC 0xac -> Node 0
May  4 10:21:27 kernel: [    0.000000] SRAT: PXM 0 -> APIC 0xae -> Node 0
May  4 10:21:27 kernel: [    0.000000] SRAT: PXM 0 -> APIC 0xb0 -> Node 0
May  4 10:21:27 kernel: [    0.000000] SRAT: PXM 0 -> APIC 0xb2 -> Node 0
May  4 10:21:27 kernel: [    0.000000] SRAT: PXM 0 -> APIC 0xb4 -> Node 0
May  4 10:21:27 kernel: [    0.000000] SRAT: PXM 0 -> APIC 0xb6 -> Node 0
May  4 10:21:27 kernel: [    0.000000] SRAT: PXM 0 -> APIC 0xb8 -> Node 0
May  4 10:21:27 kernel: [    0.000000] SRAT: PXM 0 -> APIC 0xba -> Node 0
May  4 10:21:27 kernel: [    0.000000] SRAT: PXM 0 -> APIC 0xbc -> Node 0
May  4 10:21:27 kernel: [    0.000000] SRAT: PXM 0 -> APIC 0xbe -> Node 0
May  4 10:21:27 kernel: [    0.000000] SRAT: PXM 0 -> APIC 0xc0 -> Node 0
May  4 10:21:27 kernel: [    0.000000] SRAT: PXM 0 -> APIC 0xc2 -> Node 0
May  4 10:21:27 kernel: [    0.000000] SRAT: PXM 0 -> APIC 0xc4 -> Node 0
May  4 10:21:27 kernel: [    0.000000] SRAT: PXM 0 -> APIC 0xc6 -> Node 0
May  4 10:21:27 kernel: [    0.000000] SRAT: PXM 0 -> APIC 0xc8 -> Node 0
May  4 10:21:27 kernel: [    0.000000] SRAT: PXM 0 -> APIC 0xca -> Node 0
May  4 10:21:27 kernel: [    0.000000] SRAT: PXM 0 -> APIC 0xcc -> Node 0
May  4 10:21:27 kernel: [    0.000000] SRAT: PXM 0 -> APIC 0xce -> Node 0
May  4 10:21:27 kernel: [    0.000000] SRAT: PXM 0 -> APIC 0xd0 -> Node 0
May  4 10:21:27 kernel: [    0.000000] SRAT: PXM 0 -> APIC 0xd2 -> Node 0
May  4 10:21:27 kernel: [    0.000000] SRAT: PXM 0 -> APIC 0xd4 -> Node 0
May  4 10:21:27 kernel: [    0.000000] SRAT: PXM 0 -> APIC 0xd6 -> Node 0
May  4 10:21:27 kernel: [    0.000000] SRAT: PXM 0 -> APIC 0xd8 -> Node 0
May  4 10:21:27 kernel: [    0.000000] SRAT: PXM 0 -> APIC 0xda -> Node 0
May  4 10:21:27 kernel: [    0.000000] SRAT: PXM 0 -> APIC 0xdc -> Node 0
May  4 10:21:27 kernel: [    0.000000] SRAT: PXM 0 -> APIC 0xde -> Node 0
May  4 10:21:27 kernel: [    0.000000] SRAT: PXM 0 -> APIC 0xe0 -> Node 0
May  4 10:21:27 kernel: [    0.000000] SRAT: PXM 0 -> APIC 0xe2 -> Node 0
May  4 10:21:27 kernel: [    0.000000] SRAT: PXM 0 -> APIC 0xe4 -> Node 0
May  4 10:21:27 kernel: [    0.000000] SRAT: PXM 0 -> APIC 0xe6 -> Node 0
May  4 10:21:27 kernel: [    0.000000] SRAT: PXM 0 -> APIC 0xe8 -> Node 0
May  4 10:21:27 kernel: [    0.000000] SRAT: PXM 0 -> APIC 0xea -> Node 0
May  4 10:21:27 kernel: [    0.000000] SRAT: PXM 0 -> APIC 0xec -> Node 0
May  4 10:21:27 kernel: [    0.000000] SRAT: PXM 0 -> APIC 0xee -> Node 0
May  4 10:21:27 kernel: [    0.000000] SRAT: PXM 0 -> APIC 0xf0 -> Node 0
May  4 10:21:27 kernel: [    0.000000] SRAT: PXM 0 -> APIC 0xf2 -> Node 0
May  4 10:21:27 kernel: [    0.000000] SRAT: PXM 0 -> APIC 0xf4 -> Node 0
May  4 10:21:27 kernel: [    0.000000] SRAT: PXM 0 -> APIC 0xf6 -> Node 0
May  4 10:21:27 kernel: [    0.000000] SRAT: PXM 0 -> APIC 0xf8 -> Node 0
May  4 10:21:27 kernel: [    0.000000] SRAT: PXM 0 -> APIC 0xfa -> Node 0
May  4 10:21:27 kernel: [    0.000000] SRAT: PXM 0 -> APIC 0xfc -> Node 0
May  4 10:21:27 kernel: [    0.000000] SRAT: PXM 0 -> APIC 0xfe -> Node 0
May  4 10:21:27 kernel: [    0.000000] ACPI: SRAT: Node 0 PXM 0 [mem 0x00000000-0x0009ffff]
May  4 10:21:27 kernel: [    0.000000] ACPI: SRAT: Node 0 PXM 0 [mem 0x00100000-0x7fffffff]
May  4 10:21:27 kernel: [    0.000000] ACPI: SRAT: Node 0 PXM 0 [mem 0x80000000-0xbfffffff] hotplug
May  4 10:21:27 kernel: [    0.000000] ACPI: SRAT: Node 0 PXM 0 [mem 0x100000000-0x83fffffff] hotplug
May  4 10:21:27 kernel: [    0.000000] NUMA: Node 0 [mem 0x00000000-0x0009ffff] + [mem 0x00100000-0x7fffffff] -> [mem 0x00000000-0x7fffffff]
May  4 10:21:27 kernel: [    0.000000] NODE_DATA(0) allocated [mem 0x7ffd5000-0x7fffffff]
May  4 10:21:27 kernel: [    0.000000] Zone ranges:
May  4 10:21:27 kernel: [    0.000000]   DMA      [mem 0x0000000000001000-0x0000000000ffffff]
May  4 10:21:27 kernel: [    0.000000]   DMA32    [mem 0x0000000001000000-0x000000007fffffff]
May  4 10:21:27 kernel: [    0.000000]   Normal   empty
May  4 10:21:27 kernel: [    0.000000]   Device   empty
May  4 10:21:27 kernel: [    0.000000] Movable zone start for each node
May  4 10:21:27 kernel: [    0.000000] Early memory node ranges
May  4 10:21:27 kernel: [    0.000000]   node   0: [mem 0x0000000000001000-0x000000000009dfff]
May  4 10:21:27 kernel: [    0.000000]   node   0: [mem 0x0000000000100000-0x000000007fedffff]
May  4 10:21:27 kernel: [    0.000000]   node   0: [mem 0x000000007ff00000-0x000000007fffffff]
May  4 10:21:27 kernel: [    0.000000] Initmem setup node 0 [mem 0x0000000000001000-0x000000007fffffff]
May  4 10:21:27 kernel: [    0.000000] On node 0 totalpages: 524157
May  4 10:21:27 kernel: [    0.000000]   DMA zone: 64 pages used for memmap
May  4 10:21:27 kernel: [    0.000000]   DMA zone: 21 pages reserved
May  4 10:21:27 kernel: [    0.000000]   DMA zone: 3997 pages, LIFO batch:0
May  4 10:21:27 kernel: [    0.000000]   DMA32 zone: 8128 pages used for memmap
May  4 10:21:27 kernel: [    0.000000]   DMA32 zone: 520160 pages, LIFO batch:31
May  4 10:21:27 kernel: [    0.000000] Reserved but unavailable: 99 pages
May  4 10:21:27 kernel: [    0.000000] ACPI: PM-Timer IO Port: 0x1008
May  4 10:21:27 kernel: [    0.000000] ACPI: Local APIC address 0xfee00000
May  4 10:21:27 kernel: [    0.000000] system APIC only can use physical flat
May  4 10:21:27 kernel: [    0.000000] ACPI: LAPIC_NMI (acpi_id[0x00] high edge lint[0x1])
May  4 10:21:27 kernel: [    0.000000] ACPI: LAPIC_NMI (acpi_id[0x01] high edge lint[0x1])
May  4 10:21:27 kernel: [    0.000000] ACPI: LAPIC_NMI (acpi_id[0x02] high edge lint[0x1])
May  4 10:21:27 kernel: [    0.000000] ACPI: LAPIC_NMI (acpi_id[0x03] high edge lint[0x1])
May  4 10:21:27 kernel: [    0.000000] ACPI: LAPIC_NMI (acpi_id[0x04] high edge lint[0x1])
May  4 10:21:27 kernel: [    0.000000] ACPI: LAPIC_NMI (acpi_id[0x05] high edge lint[0x1])
May  4 10:21:27 kernel: [    0.000000] ACPI: LAPIC_NMI (acpi_id[0x06] high edge lint[0x1])
May  4 10:21:27 kernel: [    0.000000] ACPI: LAPIC_NMI (acpi_id[0x07] high edge lint[0x1])
May  4 10:21:27 kernel: [    0.000000] ACPI: LAPIC_NMI (acpi_id[0x08] high edge lint[0x1])
May  4 10:21:27 kernel: [    0.000000] ACPI: LAPIC_NMI (acpi_id[0x09] high edge lint[0x1])
May  4 10:21:27 kernel: [    0.000000] ACPI: LAPIC_NMI (acpi_id[0x0a] high edge lint[0x1])
May  4 10:21:27 kernel: [    0.000000] ACPI: LAPIC_NMI (acpi_id[0x0b] high edge lint[0x1])
May  4 10:21:27 kernel: [    0.000000] ACPI: LAPIC_NMI (acpi_id[0x0c] high edge lint[0x1])
May  4 10:21:27 kernel: [    0.000000] ACPI: LAPIC_NMI (acpi_id[0x0d] high edge lint[0x1])
May  4 10:21:27 kernel: [    0.000000] ACPI: LAPIC_NMI (acpi_id[0x0e] high edge lint[0x1])
May  4 10:21:27 kernel: [    0.000000] ACPI: LAPIC_NMI (acpi_id[0x0f] high edge lint[0x1])
May  4 10:21:27 kernel: [    0.000000] ACPI: LAPIC_NMI (acpi_id[0x10] high edge lint[0x1])
May  4 10:21:27 kernel: [    0.000000] ACPI: LAPIC_NMI (acpi_id[0x11] high edge lint[0x1])
May  4 10:21:27 kernel: [    0.000000] ACPI: LAPIC_NMI (acpi_id[0x12] high edge lint[0x1])
May  4 10:21:27 kernel: [    0.000000] ACPI: LAPIC_NMI (acpi_id[0x13] high edge lint[0x1])
May  4 10:21:27 kernel: [    0.000000] ACPI: LAPIC_NMI (acpi_id[0x14] high edge lint[0x1])
May  4 10:21:27 kernel: [    0.000000] ACPI: LAPIC_NMI (acpi_id[0x15] high edge lint[0x1])
May  4 10:21:27 kernel: [    0.000000] ACPI: LAPIC_NMI (acpi_id[0x16] high edge lint[0x1])
May  4 10:21:27 kernel: [    0.000000] ACPI: LAPIC_NMI (acpi_id[0x17] high edge lint[0x1])
May  4 10:21:27 kernel: [    0.000000] ACPI: LAPIC_NMI (acpi_id[0x18] high edge lint[0x1])
May  4 10:21:27 kernel: [    0.000000] ACPI: LAPIC_NMI (acpi_id[0x19] high edge lint[0x1])
May  4 10:21:27 kernel: [    0.000000] ACPI: LAPIC_NMI (acpi_id[0x1a] high edge lint[0x1])
May  4 10:21:27 kernel: [    0.000000] ACPI: LAPIC_NMI (acpi_id[0x1b] high edge lint[0x1])
May  4 10:21:27 kernel: [    0.000000] ACPI: LAPIC_NMI (acpi_id[0x1c] high edge lint[0x1])
May  4 10:21:27 kernel: [    0.000000] ACPI: LAPIC_NMI (acpi_id[0x1d] high edge lint[0x1])
May  4 10:21:27 kernel: [    0.000000] ACPI: LAPIC_NMI (acpi_id[0x1e] high edge lint[0x1])
May  4 10:21:27 kernel: [    0.000000] ACPI: LAPIC_NMI (acpi_id[0x1f] high edge lint[0x1])
May  4 10:21:27 kernel: [    0.000000] ACPI: LAPIC_NMI (acpi_id[0x20] high edge lint[0x1])
May  4 10:21:27 kernel: [    0.000000] ACPI: LAPIC_NMI (acpi_id[0x21] high edge lint[0x1])
May  4 10:21:27 kernel: [    0.000000] ACPI: LAPIC_NMI (acpi_id[0x22] high edge lint[0x1])
May  4 10:21:27 kernel: [    0.000000] ACPI: LAPIC_NMI (acpi_id[0x23] high edge lint[0x1])
May  4 10:21:27 kernel: [    0.000000] ACPI: LAPIC_NMI (acpi_id[0x24] high edge lint[0x1])
May  4 10:21:27 kernel: [    0.000000] ACPI: LAPIC_NMI (acpi_id[0x25] high edge lint[0x1])
May  4 10:21:27 kernel: [    0.000000] ACPI: LAPIC_NMI (acpi_id[0x26] high edge lint[0x1])
May  4 10:21:27 kernel: [    0.000000] ACPI: LAPIC_NMI (acpi_id[0x27] high edge lint[0x1])
May  4 10:21:27 kernel: [    0.000000] ACPI: LAPIC_NMI (acpi_id[0x28] high edge lint[0x1])
May  4 10:21:27 kernel: [    0.000000] ACPI: LAPIC_NMI (acpi_id[0x29] high edge lint[0x1])
May  4 10:21:27 kernel: [    0.000000] ACPI: LAPIC_NMI (acpi_id[0x2a] high edge lint[0x1])
May  4 10:21:27 kernel: [    0.000000] ACPI: LAPIC_NMI (acpi_id[0x2b] high edge lint[0x1])
May  4 10:21:27 kernel: [    0.000000] ACPI: LAPIC_NMI (acpi_id[0x2c] high edge lint[0x1])
May  4 10:21:27 kernel: [    0.000000] ACPI: LAPIC_NMI (acpi_id[0x2d] high edge lint[0x1])
May  4 10:21:27 kernel: [    0.000000] ACPI: LAPIC_NMI (acpi_id[0x2e] high edge lint[0x1])
May  4 10:21:27 kernel: [    0.000000] ACPI: LAPIC_NMI (acpi_id[0x2f] high edge lint[0x1])
May  4 10:21:27 kernel: [    0.000000] ACPI: LAPIC_NMI (acpi_id[0x30] high edge lint[0x1])
May  4 10:21:27 kernel: [    0.000000] ACPI: LAPIC_NMI (acpi_id[0x31] high edge lint[0x1])
May  4 10:21:27 kernel: [    0.000000] ACPI: LAPIC_NMI (acpi_id[0x32] high edge lint[0x1])
May  4 10:21:27 kernel: [    0.000000] ACPI: LAPIC_NMI (acpi_id[0x33] high edge lint[0x1])
May  4 10:21:27 kernel: [    0.000000] ACPI: LAPIC_NMI (acpi_id[0x34] high edge lint[0x1])
May  4 10:21:27 kernel: [    0.000000] ACPI: LAPIC_NMI (acpi_id[0x35] high edge lint[0x1])
May  4 10:21:27 kernel: [    0.000000] ACPI: LAPIC_NMI (acpi_id[0x36] high edge lint[0x1])
May  4 10:21:27 kernel: [    0.000000] ACPI: LAPIC_NMI (acpi_id[0x37] high edge lint[0x1])
May  4 10:21:27 kernel: [    0.000000] ACPI: LAPIC_NMI (acpi_id[0x38] high edge lint[0x1])
May  4 10:21:27 kernel: [    0.000000] ACPI: LAPIC_NMI (acpi_id[0x39] high edge lint[0x1])
May  4 10:21:27 kernel: [    0.000000] ACPI: LAPIC_NMI (acpi_id[0x3a] high edge lint[0x1])
May  4 10:21:27 kernel: [    0.000000] ACPI: LAPIC_NMI (acpi_id[0x3b] high edge lint[0x1])
May  4 10:21:27 kernel: [    0.000000] ACPI: LAPIC_NMI (acpi_id[0x3c] high edge lint[0x1])
May  4 10:21:27 kernel: [    0.000000] ACPI: LAPIC_NMI (acpi_id[0x3d] high edge lint[0x1])
May  4 10:21:27 kernel: [    0.000000] ACPI: LAPIC_NMI (acpi_id[0x3e] high edge lint[0x1])
May  4 10:21:27 kernel: [    0.000000] ACPI: LAPIC_NMI (acpi_id[0x3f] high edge lint[0x1])
May  4 10:21:27 kernel: [    0.000000] ACPI: LAPIC_NMI (acpi_id[0x40] high edge lint[0x1])
May  4 10:21:27 kernel: [    0.000000] ACPI: LAPIC_NMI (acpi_id[0x41] high edge lint[0x1])
May  4 10:21:27 kernel: [    0.000000] ACPI: LAPIC_NMI (acpi_id[0x42] high edge lint[0x1])
May  4 10:21:27 kernel: [    0.000000] ACPI: LAPIC_NMI (acpi_id[0x43] high edge lint[0x1])
May  4 10:21:27 kernel: [    0.000000] ACPI: LAPIC_NMI (acpi_id[0x44] high edge lint[0x1])
May  4 10:21:27 kernel: [    0.000000] ACPI: LAPIC_NMI (acpi_id[0x45] high edge lint[0x1])
May  4 10:21:27 kernel: [    0.000000] ACPI: LAPIC_NMI (acpi_id[0x46] high edge lint[0x1])
May  4 10:21:27 kernel: [    0.000000] ACPI: LAPIC_NMI (acpi_id[0x47] high edge lint[0x1])
May  4 10:21:27 kernel: [    0.000000] ACPI: LAPIC_NMI (acpi_id[0x48] high edge lint[0x1])
May  4 10:21:27 kernel: [    0.000000] ACPI: LAPIC_NMI (acpi_id[0x49] high edge lint[0x1])
May  4 10:21:27 kernel: [    0.000000] ACPI: LAPIC_NMI (acpi_id[0x4a] high edge lint[0x1])
May  4 10:21:27 kernel: [    0.000000] ACPI: LAPIC_NMI (acpi_id[0x4b] high edge lint[0x1])
May  4 10:21:27 kernel: [    0.000000] ACPI: LAPIC_NMI (acpi_id[0x4c] high edge lint[0x1])
May  4 10:21:27 kernel: [    0.000000] ACPI: LAPIC_NMI (acpi_id[0x4d] high edge lint[0x1])
May  4 10:21:27 kernel: [    0.000000] ACPI: LAPIC_NMI (acpi_id[0x4e] high edge lint[0x1])
May  4 10:21:27 kernel: [    0.000000] ACPI: LAPIC_NMI (acpi_id[0x4f] high edge lint[0x1])
May  4 10:21:27 kernel: [    0.000000] ACPI: LAPIC_NMI (acpi_id[0x50] high edge lint[0x1])
May  4 10:21:27 kernel: [    0.000000] ACPI: LAPIC_NMI (acpi_id[0x51] high edge lint[0x1])
May  4 10:21:27 kernel: [    0.000000] ACPI: LAPIC_NMI (acpi_id[0x52] high edge lint[0x1])
May  4 10:21:27 kernel: [    0.000000] ACPI: LAPIC_NMI (acpi_id[0x53] high edge lint[0x1])
May  4 10:21:27 kernel: [    0.000000] ACPI: LAPIC_NMI (acpi_id[0x54] high edge lint[0x1])
May  4 10:21:27 kernel: [    0.000000] ACPI: LAPIC_NMI (acpi_id[0x55] high edge lint[0x1])
May  4 10:21:27 kernel: [    0.000000] ACPI: LAPIC_NMI (acpi_id[0x56] high edge lint[0x1])
May  4 10:21:27 kernel: [    0.000000] ACPI: LAPIC_NMI (acpi_id[0x57] high edge lint[0x1])
May  4 10:21:27 kernel: [    0.000000] ACPI: LAPIC_NMI (acpi_id[0x58] high edge lint[0x1])
May  4 10:21:27 kernel: [    0.000000] ACPI: LAPIC_NMI (acpi_id[0x59] high edge lint[0x1])
May  4 10:21:27 kernel: [    0.000000] ACPI: LAPIC_NMI (acpi_id[0x5a] high edge lint[0x1])
May  4 10:21:27 kernel: [    0.000000] ACPI: LAPIC_NMI (acpi_id[0x5b] high edge lint[0x1])
May  4 10:21:27 kernel: [    0.000000] ACPI: LAPIC_NMI (acpi_id[0x5c] high edge lint[0x1])
May  4 10:21:27 kernel: [    0.000000] ACPI: LAPIC_NMI (acpi_id[0x5d] high edge lint[0x1])
May  4 10:21:27 kernel: [    0.000000] ACPI: LAPIC_NMI (acpi_id[0x5e] high edge lint[0x1])
May  4 10:21:27 kernel: [    0.000000] ACPI: LAPIC_NMI (acpi_id[0x5f] high edge lint[0x1])
May  4 10:21:27 kernel: [    0.000000] ACPI: LAPIC_NMI (acpi_id[0x60] high edge lint[0x1])
May  4 10:21:27 kernel: [    0.000000] ACPI: LAPIC_NMI (acpi_id[0x61] high edge lint[0x1])
May  4 10:21:27 kernel: [    0.000000] ACPI: LAPIC_NMI (acpi_id[0x62] high edge lint[0x1])
May  4 10:21:27 kernel: [    0.000000] ACPI: LAPIC_NMI (acpi_id[0x63] high edge lint[0x1])
May  4 10:21:27 kernel: [    0.000000] ACPI: LAPIC_NMI (acpi_id[0x64] high edge lint[0x1])
May  4 10:21:27 kernel: [    0.000000] ACPI: LAPIC_NMI (acpi_id[0x65] high edge lint[0x1])
May  4 10:21:27 kernel: [    0.000000] ACPI: LAPIC_NMI (acpi_id[0x66] high edge lint[0x1])
May  4 10:21:27 kernel: [    0.000000] ACPI: LAPIC_NMI (acpi_id[0x67] high edge lint[0x1])
May  4 10:21:27 kernel: [    0.000000] ACPI: LAPIC_NMI (acpi_id[0x68] high edge lint[0x1])
May  4 10:21:27 kernel: [    0.000000] ACPI: LAPIC_NMI (acpi_id[0x69] high edge lint[0x1])
May  4 10:21:27 kernel: [    0.000000] ACPI: LAPIC_NMI (acpi_id[0x6a] high edge lint[0x1])
May  4 10:21:27 kernel: [    0.000000] ACPI: LAPIC_NMI (acpi_id[0x6b] high edge lint[0x1])
May  4 10:21:27 kernel: [    0.000000] ACPI: LAPIC_NMI (acpi_id[0x6c] high edge lint[0x1])
May  4 10:21:27 kernel: [    0.000000] ACPI: LAPIC_NMI (acpi_id[0x6d] high edge lint[0x1])
May  4 10:21:27 kernel: [    0.000000] ACPI: LAPIC_NMI (acpi_id[0x6e] high edge lint[0x1])
May  4 10:21:27 kernel: [    0.000000] ACPI: LAPIC_NMI (acpi_id[0x6f] high edge lint[0x1])
May  4 10:21:27 kernel: [    0.000000] ACPI: LAPIC_NMI (acpi_id[0x70] high edge lint[0x1])
May  4 10:21:27 kernel: [    0.000000] ACPI: LAPIC_NMI (acpi_id[0x71] high edge lint[0x1])
May  4 10:21:27 kernel: [    0.000000] ACPI: LAPIC_NMI (acpi_id[0x72] high edge lint[0x1])
May  4 10:21:27 kernel: [    0.000000] ACPI: LAPIC_NMI (acpi_id[0x73] high edge lint[0x1])
May  4 10:21:27 kernel: [    0.000000] ACPI: LAPIC_NMI (acpi_id[0x74] high edge lint[0x1])
May  4 10:21:27 kernel: [    0.000000] ACPI: LAPIC_NMI (acpi_id[0x75] high edge lint[0x1])
May  4 10:21:27 kernel: [    0.000000] ACPI: LAPIC_NMI (acpi_id[0x76] high edge lint[0x1])
May  4 10:21:27 kernel: [    0.000000] ACPI: LAPIC_NMI (acpi_id[0x77] high edge lint[0x1])
May  4 10:21:27 kernel: [    0.000000] ACPI: LAPIC_NMI (acpi_id[0x78] high edge lint[0x1])
May  4 10:21:27 kernel: [    0.000000] ACPI: LAPIC_NMI (acpi_id[0x79] high edge lint[0x1])
May  4 10:21:27 kernel: [    0.000000] ACPI: LAPIC_NMI (acpi_id[0x7a] high edge lint[0x1])
May  4 10:21:27 kernel: [    0.000000] ACPI: LAPIC_NMI (acpi_id[0x7b] high edge lint[0x1])
May  4 10:21:27 kernel: [    0.000000] ACPI: LAPIC_NMI (acpi_id[0x7c] high edge lint[0x1])
May  4 10:21:27 kernel: [    0.000000] ACPI: LAPIC_NMI (acpi_id[0x7d] high edge lint[0x1])
May  4 10:21:27 kernel: [    0.000000] ACPI: LAPIC_NMI (acpi_id[0x7e] high edge lint[0x1])
May  4 10:21:27 kernel: [    0.000000] ACPI: LAPIC_NMI (acpi_id[0x7f] high edge lint[0x1])
May  4 10:21:27 kernel: [    0.000000] IOAPIC[0]: apic_id 1, version 32, address 0xfec00000, GSI 0-23
May  4 10:21:27 kernel: [    0.000000] ACPI: INT_SRC_OVR (bus 0 bus_irq 0 global_irq 2 high edge)
May  4 10:21:27 kernel: [    0.000000] ACPI: IRQ0 used by override.
May  4 10:21:27 kernel: [    0.000000] ACPI: IRQ9 used by override.
May  4 10:21:27 kernel: [    0.000000] Using ACPI (MADT) for SMP configuration information
May  4 10:21:27 kernel: [    0.000000] ACPI: HPET id: 0x8086af01 base: 0xfed00000
May  4 10:21:27 kernel: [    0.000000] smpboot: Allowing 128 CPUs, 127 hotplug CPUs
May  4 10:21:27 kernel: [    0.000000] PM: Registered nosave memory: [mem 0x00000000-0x00000fff]
May  4 10:21:27 kernel: [    0.000000] PM: Registered nosave memory: [mem 0x0009e000-0x0009efff]
May  4 10:21:27 kernel: [    0.000000] PM: Registered nosave memory: [mem 0x0009f000-0x0009ffff]
May  4 10:21:27 kernel: [    0.000000] PM: Registered nosave memory: [mem 0x000a0000-0x000dbfff]
May  4 10:21:27 kernel: [    0.000000] PM: Registered nosave memory: [mem 0x000dc000-0x000fffff]
May  4 10:21:27 kernel: [    0.000000] PM: Registered nosave memory: [mem 0x7fee0000-0x7fefefff]
May  4 10:21:27 kernel: [    0.000000] PM: Registered nosave memory: [mem 0x7feff000-0x7fefffff]
May  4 10:21:27 kernel: [    0.000000] e820: [mem 0x80000000-0xefffffff] available for PCI devices
May  4 10:21:27 kernel: [    0.000000] Booting paravirtualized kernel on VMware hypervisor
May  4 10:21:27 kernel: [    0.000000] clocksource: refined-jiffies: mask: 0xffffffff max_cycles: 0xffffffff, max_idle_ns: 7645519600211568 ns
May  4 10:21:27 kernel: [    0.000000] setup_percpu: NR_CPUS:8192 nr_cpumask_bits:128 nr_cpu_ids:128 nr_node_ids:1
May  4 10:21:27 kernel: [    0.000000] percpu: Embedded 46 pages/cpu @        (ptrval) s151552 r8192 d28672 u262144
May  4 10:21:27 kernel: [    0.000000] pcpu-alloc: s151552 r8192 d28672 u262144 alloc=1*2097152
May  4 10:21:27 kernel: [    0.000000] pcpu-alloc: [0] 000 001 002 003 004 005 006 007 
May  4 10:21:27 kernel: [    0.000000] pcpu-alloc: [0] 008 009 010 011 012 013 014 015 
May  4 10:21:27 kernel: [    0.000000] pcpu-alloc: [0] 016 017 018 019 020 021 022 023 
May  4 10:21:27 kernel: [    0.000000] pcpu-alloc: [0] 024 025 026 027 028 029 030 031 
May  4 10:21:27 kernel: [    0.000000] pcpu-alloc: [0] 032 033 034 035 036 037 038 039 
May  4 10:21:27 kernel: [    0.000000] pcpu-alloc: [0] 040 041 042 043 044 045 046 047 
May  4 10:21:27 kernel: [    0.000000] pcpu-alloc: [0] 048 049 050 051 052 053 054 055 
May  4 10:21:27 kernel: [    0.000000] pcpu-alloc: [0] 056 057 058 059 060 061 062 063 
May  4 10:21:27 kernel: [    0.000000] pcpu-alloc: [0] 064 065 066 067 068 069 070 071 
May  4 10:21:27 kernel: [    0.000000] pcpu-alloc: [0] 072 073 074 075 076 077 078 079 
May  4 10:21:27 kernel: [    0.000000] pcpu-alloc: [0] 080 081 082 083 084 085 086 087 
May  4 10:21:27 kernel: [    0.000000] pcpu-alloc: [0] 088 089 090 091 092 093 094 095 
May  4 10:21:27 kernel: [    0.000000] pcpu-alloc: [0] 096 097 098 099 100 101 102 103 
May  4 10:21:27 kernel: [    0.000000] pcpu-alloc: [0] 104 105 106 107 108 109 110 111 
May  4 10:21:27 kernel: [    0.000000] pcpu-alloc: [0] 112 113 114 115 116 117 118 119 
May  4 10:21:27 kernel: [    0.000000] pcpu-alloc: [0] 120 121 122 123 124 125 126 127 
May  4 10:21:27 kernel: [    0.000000] Built 1 zonelists, mobility grouping on.  Total pages: 515944
May  4 10:21:27 kernel: [    0.000000] Policy zone: DMA32
May  4 10:21:27 kernel: [    0.000000] Kernel command line: BOOT_IMAGE=linux vga=788 initrd=initrd.gz --- quiet 
May  4 10:21:27 kernel: [    0.000000] log_buf_len individual max cpu contribution: 4096 bytes
May  4 10:21:27 kernel: [    0.000000] log_buf_len total cpu_extra contributions: 520192 bytes
May  4 10:21:27 kernel: [    0.000000] log_buf_len min size: 262144 bytes
May  4 10:21:27 kernel: [    0.000000] log_buf_len: 1048576 bytes
May  4 10:21:27 kernel: [    0.000000] early log buf free: 236780(90%)
May  4 10:21:27 kernel: [    0.000000] Calgary: detecting Calgary via BIOS EBDA area
May  4 10:21:27 kernel: [    0.000000] Calgary: Unable to locate Rio Grande table in EBDA - bailing!
May  4 10:21:27 kernel: [    0.000000] Memory: 1899248K/2096628K available (12300K kernel code, 2470K rwdata, 4240K rodata, 2404K init, 2416K bss, 197380K reserved, 0K cma-reserved)
May  4 10:21:27 kernel: [    0.000000] SLUB: HWalign=64, Order=0-3, MinObjects=0, CPUs=128, Nodes=1
May  4 10:21:27 kernel: [    0.000000] Kernel/User page tables isolation: enabled
May  4 10:21:27 kernel: [    0.000000] ftrace: allocating 39065 entries in 153 pages
May  4 10:21:27 kernel: [    0.004000] Hierarchical RCU implementation.
May  4 10:21:27 kernel: [    0.004000] 	RCU restricting CPUs from NR_CPUS=8192 to nr_cpu_ids=128.
May  4 10:21:27 kernel: [    0.004000] 	Tasks RCU enabled.
May  4 10:21:27 kernel: [    0.004000] RCU: Adjusting geometry for rcu_fanout_leaf=16, nr_cpu_ids=128
May  4 10:21:27 kernel: [    0.004000] NR_IRQS: 524544, nr_irqs: 1448, preallocated irqs: 16
May  4 10:21:27 kernel: [    0.004000] Console: colour dummy device 80x25
May  4 10:21:27 kernel: [    0.004000] console [tty0] enabled
May  4 10:21:27 kernel: [    0.004000] ACPI: Core revision 20170831
May  4 10:21:27 kernel: [    0.004000] ACPI: 1 ACPI AML tables successfully acquired and loaded
May  4 10:21:27 kernel: [    0.004000] clocksource: hpet: mask: 0xffffffff max_cycles: 0xffffffff, max_idle_ns: 133484882848 ns
May  4 10:21:27 kernel: [    0.004000] hpet clockevent registered
May  4 10:21:27 kernel: [    0.004000] APIC: Switch to symmetric I/O mode setup
May  4 10:21:27 kernel: [    0.004000] x2apic enabled
May  4 10:21:27 kernel: [    0.004000] Switched APIC routing to physical x2apic.
May  4 10:21:27 kernel: [    0.004000] ..TIMER: vector=0x30 apic1=0 pin1=2 apic2=-1 pin2=-1
May  4 10:21:27 kernel: [    0.004000] tsc: Detected 2494.227 MHz processor
May  4 10:21:27 kernel: [    0.004000] Calibrating delay loop (skipped) preset value.. 4988.45 BogoMIPS (lpj=9976908)
May  4 10:21:27 kernel: [    0.004000] pid_max: default: 131072 minimum: 1024
May  4 10:21:27 kernel: [    0.004000] Security Framework initialized
May  4 10:21:27 kernel: [    0.004000] Yama: becoming mindful.
May  4 10:21:27 kernel: [    0.004000] AppArmor: AppArmor initialized
May  4 10:21:27 kernel: [    0.007384] Dentry cache hash table entries: 262144 (order: 9, 2097152 bytes)
May  4 10:21:27 kernel: [    0.010868] Inode-cache hash table entries: 131072 (order: 8, 1048576 bytes)
May  4 10:21:27 kernel: [    0.011019] Mount-cache hash table entries: 4096 (order: 3, 32768 bytes)
May  4 10:21:27 kernel: [    0.011121] Mountpoint-cache hash table entries: 4096 (order: 3, 32768 bytes)
May  4 10:21:27 kernel: [    0.012036] Disabled fast string operations
May  4 10:21:27 kernel: [    0.012040] CPU: Physical Processor ID: 0
May  4 10:21:27 kernel: [    0.012053] mce: CPU supports 8 MCE banks
May  4 10:21:27 kernel: [    0.012082] Last level iTLB entries: 4KB 1024, 2MB 1024, 4MB 1024
May  4 10:21:27 kernel: [    0.012082] Last level dTLB entries: 4KB 1024, 2MB 1024, 4MB 1024, 1GB 4
May  4 10:21:27 kernel: [    0.012084] Spectre V2 : Mitigation: Full generic retpoline
May  4 10:21:27 kernel: [    0.012084] Spectre V2 : Spectre v2 mitigation: Enabling Indirect Branch Prediction Barrier
May  4 10:21:27 kernel: [    0.012084] Spectre V2 : Enabling Restricted Speculation for firmware calls
May  4 10:21:27 kernel: [    0.028881] TSC deadline timer enabled
May  4 10:21:27 kernel: [    0.028912] smpboot: CPU0: Intel(R) Core(TM) i5-4300U CPU @ 1.90GHz (family: 0x6, model: 0x45, stepping: 0x1)
May  4 10:21:27 kernel: [    0.029342] Performance Events: Haswell events, core PMU driver.
May  4 10:21:27 kernel: [    0.029357] core: CPUID marked event: 'cpu cycles' unavailable
May  4 10:21:27 kernel: [    0.029357] core: CPUID marked event: 'instructions' unavailable
May  4 10:21:27 kernel: [    0.029357] core: CPUID marked event: 'bus cycles' unavailable
May  4 10:21:27 kernel: [    0.029358] core: CPUID marked event: 'cache references' unavailable
May  4 10:21:27 kernel: [    0.029358] core: CPUID marked event: 'cache misses' unavailable
May  4 10:21:27 kernel: [    0.029359] core: CPUID marked event: 'branch instructions' unavailable
May  4 10:21:27 kernel: [    0.029359] core: CPUID marked event: 'branch misses' unavailable
May  4 10:21:27 kernel: [    0.029362] ... version:                1
May  4 10:21:27 kernel: [    0.029363] ... bit width:              48
May  4 10:21:27 kernel: [    0.029363] ... generic registers:      4
May  4 10:21:27 kernel: [    0.029364] ... value mask:             0000ffffffffffff
May  4 10:21:27 kernel: [    0.029364] ... max period:             000000007fffffff
May  4 10:21:27 kernel: [    0.029364] ... fixed-purpose events:   0
May  4 10:21:27 kernel: [    0.029365] ... event mask:             000000000000000f
May  4 10:21:27 kernel: [    0.029497] Hierarchical SRCU implementation.
May  4 10:21:27 kernel: [    0.030266] NMI watchdog: Perf event create on CPU 0 failed with -2
May  4 10:21:27 kernel: [    0.030267] NMI watchdog: Perf NMI watchdog permanently disabled
May  4 10:21:27 kernel: [    0.038942] smp: Bringing up secondary CPUs ...
May  4 10:21:27 kernel: [    0.038944] smp: Brought up 1 node, 1 CPU
May  4 10:21:27 kernel: [    0.038945] smpboot: Max logical packages: 128
May  4 10:21:27 kernel: [    0.038948] smpboot: Total of 1 processors activated (4988.45 BogoMIPS)
May  4 10:21:27 kernel: [    0.039903] devtmpfs: initialized
May  4 10:21:27 kernel: [    0.039991] x86/mm: Memory block size: 128MB
May  4 10:21:27 kernel: [    0.040670] evm: security.selinux
May  4 10:21:27 kernel: [    0.040671] evm: security.SMACK64
May  4 10:21:27 kernel: [    0.040671] evm: security.SMACK64EXEC
May  4 10:21:27 kernel: [    0.040671] evm: security.SMACK64TRANSMUTE
May  4 10:21:27 kernel: [    0.040672] evm: security.SMACK64MMAP
May  4 10:21:27 kernel: [    0.040672] evm: security.apparmor
May  4 10:21:27 kernel: [    0.040673] evm: security.ima
May  4 10:21:27 kernel: [    0.040673] evm: security.capability
May  4 10:21:27 kernel: [    0.040849] PM: Registering ACPI NVS region [mem 0x7feff000-0x7fefffff] (4096 bytes)
May  4 10:21:27 kernel: [    0.040981] clocksource: jiffies: mask: 0xffffffff max_cycles: 0xffffffff, max_idle_ns: 7645041785100000 ns
May  4 10:21:27 kernel: [    0.041085] futex hash table entries: 32768 (order: 9, 2097152 bytes)
May  4 10:21:27 kernel: [    0.048041] pinctrl core: initialized pinctrl subsystem
May  4 10:21:27 kernel: [    0.048257] RTC time: 10:21:25, date: 05/04/20
May  4 10:21:27 kernel: [    0.048679] NET: Registered protocol family 16
May  4 10:21:27 kernel: [    0.048773] audit: initializing netlink subsys (disabled)
May  4 10:21:27 kernel: [    0.049039] cpuidle: using governor ladder
May  4 10:21:27 kernel: [    0.049039] cpuidle: using governor menu
May  4 10:21:27 kernel: [    0.049089] Simple Boot Flag at 0x36 set to 0x80
May  4 10:21:27 kernel: [    0.049109] ACPI: bus type PCI registered
May  4 10:21:27 kernel: [    0.049111] acpiphp: ACPI Hot Plug PCI Controller Driver version: 0.5
May  4 10:21:27 kernel: [    0.049519] PCI: MMCONFIG for domain 0000 [bus 00-7f] at [mem 0xf0000000-0xf7ffffff] (base 0xf0000000)
May  4 10:21:27 kernel: [    0.049522] PCI: MMCONFIG at [mem 0xf0000000-0xf7ffffff] reserved in E820
May  4 10:21:27 kernel: [    0.049530] PCI: Using configuration type 1 for base access
May  4 10:21:27 kernel: [    0.049557] core: PMU erratum BJ122, BV98, HSD29 workaround disabled, HT off
May  4 10:21:27 kernel: [    0.051197] audit: type=2000 audit(1588587685.048:1): state=initialized audit_enabled=0 res=1
May  4 10:21:27 kernel: [    0.051499] HugeTLB registered 1.00 GiB page size, pre-allocated 0 pages
May  4 10:21:27 kernel: [    0.051500] HugeTLB registered 2.00 MiB page size, pre-allocated 0 pages
May  4 10:21:27 kernel: [    0.052543] ACPI: Added _OSI(Module Device)
May  4 10:21:27 kernel: [    0.052544] ACPI: Added _OSI(Processor Device)
May  4 10:21:27 kernel: [    0.052544] ACPI: Added _OSI(3.0 _SCP Extensions)
May  4 10:21:27 kernel: [    0.052545] ACPI: Added _OSI(Processor Aggregator Device)
May  4 10:21:27 kernel: [    0.058396] ACPI: [Firmware Bug]: BIOS _OSI(Linux) query ignored
May  4 10:21:27 kernel: [    0.082217] ACPI: Interpreter enabled
May  4 10:21:27 kernel: [    0.082230] ACPI: (supports S0 S1 S4 S5)
May  4 10:21:27 kernel: [    0.082231] ACPI: Using IOAPIC for interrupt routing
May  4 10:21:27 kernel: [    0.082255] PCI: Using host bridge windows from ACPI; if necessary, use "pci=nocrs" and report a bug
May  4 10:21:27 kernel: [    0.083064] ACPI: Enabled 4 GPEs in block 00 to 0F
May  4 10:21:27 kernel: [    0.181465] ACPI: PCI Root Bridge [PCI0] (domain 0000 [bus 00-7f])
May  4 10:21:27 kernel: [    0.181472] acpi PNP0A03:00: _OSC: OS supports [ExtendedConfig ASPM ClockPM Segments MSI]
May  4 10:21:27 kernel: [    0.181700] acpi PNP0A03:00: _OSC: platform does not support [AER]
May  4 10:21:27 kernel: [    0.181931] acpi PNP0A03:00: _OSC: OS now controls [PCIeHotplug PME PCIeCapability]
May  4 10:21:27 kernel: [    0.184189] PCI host bridge to bus 0000:00
May  4 10:21:27 kernel: [    0.184191] pci_bus 0000:00: root bus resource [mem 0x000a0000-0x000bffff window]
May  4 10:21:27 kernel: [    0.184192] pci_bus 0000:00: root bus resource [mem 0x000d0000-0x000d3fff window]
May  4 10:21:27 kernel: [    0.184193] pci_bus 0000:00: root bus resource [mem 0x000d4000-0x000d7fff window]
May  4 10:21:27 kernel: [    0.184194] pci_bus 0000:00: root bus resource [mem 0x000d8000-0x000dbfff window]
May  4 10:21:27 kernel: [    0.184195] pci_bus 0000:00: root bus resource [mem 0xc0000000-0xfebfffff window]
May  4 10:21:27 kernel: [    0.184196] pci_bus 0000:00: root bus resource [io  0x0000-0x0cf7 window]
May  4 10:21:27 kernel: [    0.184197] pci_bus 0000:00: root bus resource [io  0x0d00-0xfeff window]
May  4 10:21:27 kernel: [    0.184199] pci_bus 0000:00: root bus resource [bus 00-7f]
May  4 10:21:27 kernel: [    0.184254] pci 0000:00:00.0: [8086:7190] type 00 class 0x060000
May  4 10:21:27 kernel: [    0.185034] pci 0000:00:01.0: [8086:7191] type 01 class 0x060400
May  4 10:21:27 kernel: [    0.185677] pci 0000:00:07.0: [8086:7110] type 00 class 0x060100
May  4 10:21:27 kernel: [    0.186597] pci 0000:00:07.1: [8086:7111] type 00 class 0x01018a
May  4 10:21:27 kernel: [    0.187628] pci 0000:00:07.1: reg 0x20: [io  0x1060-0x106f]
May  4 10:21:27 kernel: [    0.188042] pci 0000:00:07.1: legacy IDE quirk: reg 0x10: [io  0x01f0-0x01f7]
May  4 10:21:27 kernel: [    0.188043] pci 0000:00:07.1: legacy IDE quirk: reg 0x14: [io  0x03f6]
May  4 10:21:27 kernel: [    0.188044] pci 0000:00:07.1: legacy IDE quirk: reg 0x18: [io  0x0170-0x0177]
May  4 10:21:27 kernel: [    0.188045] pci 0000:00:07.1: legacy IDE quirk: reg 0x1c: [io  0x0376]
May  4 10:21:27 kernel: [    0.188410] pci 0000:00:07.3: [8086:7113] type 00 class 0x068000
May  4 10:21:27 kernel: [    0.189779] pci 0000:00:07.3: quirk: [io  0x1000-0x103f] claimed by PIIX4 ACPI
May  4 10:21:27 kernel: [    0.189793] pci 0000:00:07.3: quirk: [io  0x1040-0x104f] claimed by PIIX4 SMB
May  4 10:21:27 kernel: [    0.190189] pci 0000:00:07.7: [15ad:0740] type 00 class 0x088000
May  4 10:21:27 kernel: [    0.190593] pci 0000:00:07.7: reg 0x10: [io  0x1080-0x10bf]
May  4 10:21:27 kernel: [    0.190918] pci 0000:00:07.7: reg 0x14: [mem 0xfebfe000-0xfebfffff 64bit]
May  4 10:21:27 kernel: [    0.192657] pci 0000:00:0f.0: [15ad:0405] type 00 class 0x030000
May  4 10:21:27 kernel: [    0.193660] pci 0000:00:0f.0: reg 0x10: [io  0x1070-0x107f]
May  4 10:21:27 kernel: [    0.194596] pci 0000:00:0f.0: reg 0x14: [mem 0xe8000000-0xefffffff pref]
May  4 10:21:27 kernel: [    0.195455] pci 0000:00:0f.0: reg 0x18: [mem 0xfe000000-0xfe7fffff]
May  4 10:21:27 kernel: [    0.198336] pci 0000:00:0f.0: reg 0x30: [mem 0x00000000-0x00007fff pref]
May  4 10:21:27 kernel: [    0.198864] pci 0000:00:10.0: [1000:0030] type 00 class 0x010000
May  4 10:21:27 kernel: [    0.199354] pci 0000:00:10.0: reg 0x10: [io  0x1400-0x14ff]
May  4 10:21:27 kernel: [    0.199774] pci 0000:00:10.0: reg 0x14: [mem 0xfeba0000-0xfebbffff 64bit]
May  4 10:21:27 kernel: [    0.200189] pci 0000:00:10.0: reg 0x1c: [mem 0xfebc0000-0xfebdffff 64bit]
May  4 10:21:27 kernel: [    0.200928] pci 0000:00:10.0: reg 0x30: [mem 0x00000000-0x00003fff pref]
May  4 10:21:27 kernel: [    0.201435] pci 0000:00:11.0: [15ad:0790] type 01 class 0x060401
May  4 10:21:27 kernel: [    0.202351] pci 0000:00:15.0: [15ad:07a0] type 01 class 0x060400
May  4 10:21:27 kernel: [    0.203207] pci 0000:00:15.0: PME# supported from D0 D3hot D3cold
May  4 10:21:27 kernel: [    0.203618] pci 0000:00:15.1: [15ad:07a0] type 01 class 0x060400
May  4 10:21:27 kernel: [    0.204459] pci 0000:00:15.1: PME# supported from D0 D3hot D3cold
May  4 10:21:27 kernel: [    0.204840] pci 0000:00:15.2: [15ad:07a0] type 01 class 0x060400
May  4 10:21:27 kernel: [    0.205736] pci 0000:00:15.2: PME# supported from D0 D3hot D3cold
May  4 10:21:27 kernel: [    0.206254] pci 0000:00:15.3: [15ad:07a0] type 01 class 0x060400
May  4 10:21:27 kernel: [    0.207112] pci 0000:00:15.3: PME# supported from D0 D3hot D3cold
May  4 10:21:27 kernel: [    0.207496] pci 0000:00:15.4: [15ad:07a0] type 01 class 0x060400
May  4 10:21:27 kernel: [    0.208426] pci 0000:00:15.4: PME# supported from D0 D3hot D3cold
May  4 10:21:27 kernel: [    0.208815] pci 0000:00:15.5: [15ad:07a0] type 01 class 0x060400
May  4 10:21:27 kernel: [    0.209704] pci 0000:00:15.5: PME# supported from D0 D3hot D3cold
May  4 10:21:27 kernel: [    0.210161] pci 0000:00:15.6: [15ad:07a0] type 01 class 0x060400
May  4 10:21:27 kernel: [    0.211244] pci 0000:00:15.6: PME# supported from D0 D3hot D3cold
May  4 10:21:27 kernel: [    0.211778] pci 0000:00:15.7: [15ad:07a0] type 01 class 0x060400
May  4 10:21:27 kernel: [    0.212909] pci 0000:00:15.7: PME# supported from D0 D3hot D3cold
May  4 10:21:27 kernel: [    0.213404] pci 0000:00:16.0: [15ad:07a0] type 01 class 0x060400
May  4 10:21:27 kernel: [    0.214283] pci 0000:00:16.0: PME# supported from D0 D3hot D3cold
May  4 10:21:27 kernel: [    0.214638] pci 0000:00:16.1: [15ad:07a0] type 01 class 0x060400
May  4 10:21:27 kernel: [    0.215512] pci 0000:00:16.1: PME# supported from D0 D3hot D3cold
May  4 10:21:27 kernel: [    0.215893] pci 0000:00:16.2: [15ad:07a0] type 01 class 0x060400
May  4 10:21:27 kernel: [    0.216750] pci 0000:00:16.2: PME# supported from D0 D3hot D3cold
May  4 10:21:27 kernel: [    0.217346] pci 0000:00:16.3: [15ad:07a0] type 01 class 0x060400
May  4 10:21:27 kernel: [    0.218225] pci 0000:00:16.3: PME# supported from D0 D3hot D3cold
May  4 10:21:27 kernel: [    0.218688] pci 0000:00:16.4: [15ad:07a0] type 01 class 0x060400
May  4 10:21:27 kernel: [    0.219590] pci 0000:00:16.4: PME# supported from D0 D3hot D3cold
May  4 10:21:27 kernel: [    0.220021] pci 0000:00:16.5: [15ad:07a0] type 01 class 0x060400
May  4 10:21:27 kernel: [    0.221189] pci 0000:00:16.5: PME# supported from D0 D3hot D3cold
May  4 10:21:27 kernel: [    0.221804] pci 0000:00:16.6: [15ad:07a0] type 01 class 0x060400
May  4 10:21:27 kernel: [    0.222748] pci 0000:00:16.6: PME# supported from D0 D3hot D3cold
May  4 10:21:27 kernel: [    0.223169] pci 0000:00:16.7: [15ad:07a0] type 01 class 0x060400
May  4 10:21:27 kernel: [    0.224039] pci 0000:00:16.7: PME# supported from D0 D3hot D3cold
May  4 10:21:27 kernel: [    0.224391] pci 0000:00:17.0: [15ad:07a0] type 01 class 0x060400
May  4 10:21:27 kernel: [    0.225286] pci 0000:00:17.0: PME# supported from D0 D3hot D3cold
May  4 10:21:27 kernel: [    0.225671] pci 0000:00:17.1: [15ad:07a0] type 01 class 0x060400
May  4 10:21:27 kernel: [    0.226582] pci 0000:00:17.1: PME# supported from D0 D3hot D3cold
May  4 10:21:27 kernel: [    0.227020] pci 0000:00:17.2: [15ad:07a0] type 01 class 0x060400
May  4 10:21:27 kernel: [    0.227895] pci 0000:00:17.2: PME# supported from D0 D3hot D3cold
May  4 10:21:27 kernel: [    0.228377] pci 0000:00:17.3: [15ad:07a0] type 01 class 0x060400
May  4 10:21:27 kernel: [    0.229259] pci 0000:00:17.3: PME# supported from D0 D3hot D3cold
May  4 10:21:27 kernel: [    0.229644] pci 0000:00:17.4: [15ad:07a0] type 01 class 0x060400
May  4 10:21:27 kernel: [    0.230517] pci 0000:00:17.4: PME# supported from D0 D3hot D3cold
May  4 10:21:27 kernel: [    0.230916] pci 0000:00:17.5: [15ad:07a0] type 01 class 0x060400
May  4 10:21:27 kernel: [    0.231790] pci 0000:00:17.5: PME# supported from D0 D3hot D3cold
May  4 10:21:27 kernel: [    0.232196] pci 0000:00:17.6: [15ad:07a0] type 01 class 0x060400
May  4 10:21:27 kernel: [    0.233120] pci 0000:00:17.6: PME# supported from D0 D3hot D3cold
May  4 10:21:27 kernel: [    0.233528] pci 0000:00:17.7: [15ad:07a0] type 01 class 0x060400
May  4 10:21:27 kernel: [    0.234404] pci 0000:00:17.7: PME# supported from D0 D3hot D3cold
May  4 10:21:27 kernel: [    0.234759] pci 0000:00:18.0: [15ad:07a0] type 01 class 0x060400
May  4 10:21:27 kernel: [    0.235634] pci 0000:00:18.0: PME# supported from D0 D3hot D3cold
May  4 10:21:27 kernel: [    0.236049] pci 0000:00:18.1: [15ad:07a0] type 01 class 0x060400
May  4 10:21:27 kernel: [    0.236978] pci 0000:00:18.1: PME# supported from D0 D3hot D3cold
May  4 10:21:27 kernel: [    0.237366] pci 0000:00:18.2: [15ad:07a0] type 01 class 0x060400
May  4 10:21:27 kernel: [    0.238240] pci 0000:00:18.2: PME# supported from D0 D3hot D3cold
May  4 10:21:27 kernel: [    0.238753] pci 0000:00:18.3: [15ad:07a0] type 01 class 0x060400
May  4 10:21:27 kernel: [    0.239617] pci 0000:00:18.3: PME# supported from D0 D3hot D3cold
May  4 10:21:27 kernel: [    0.240004] pci 0000:00:18.4: [15ad:07a0] type 01 class 0x060400
May  4 10:21:27 kernel: [    0.240892] pci 0000:00:18.4: PME# supported from D0 D3hot D3cold
May  4 10:21:27 kernel: [    0.241330] pci 0000:00:18.5: [15ad:07a0] type 01 class 0x060400
May  4 10:21:27 kernel: [    0.242252] pci 0000:00:18.5: PME# supported from D0 D3hot D3cold
May  4 10:21:27 kernel: [    0.242637] pci 0000:00:18.6: [15ad:07a0] type 01 class 0x060400
May  4 10:21:27 kernel: [    0.243537] pci 0000:00:18.6: PME# supported from D0 D3hot D3cold
May  4 10:21:27 kernel: [    0.243903] pci 0000:00:18.7: [15ad:07a0] type 01 class 0x060400
May  4 10:21:27 kernel: [    0.244746] pci 0000:00:18.7: PME# supported from D0 D3hot D3cold
May  4 10:21:27 kernel: [    0.245329] pci 0000:00:01.0: PCI bridge to [bus 01]
May  4 10:21:27 kernel: [    0.245839] acpiphp: Slot [32] registered
May  4 10:21:27 kernel: [    0.245862] acpiphp: Slot [33] registered
May  4 10:21:27 kernel: [    0.245884] acpiphp: Slot [34] registered
May  4 10:21:27 kernel: [    0.245906] acpiphp: Slot [35] registered
May  4 10:21:27 kernel: [    0.245955] acpiphp: Slot [36] registered
May  4 10:21:27 kernel: [    0.245978] acpiphp: Slot [37] registered
May  4 10:21:27 kernel: [    0.246011] acpiphp: Slot [38] registered
May  4 10:21:27 kernel: [    0.246043] acpiphp: Slot [39] registered
May  4 10:21:27 kernel: [    0.246064] acpiphp: Slot [40] registered
May  4 10:21:27 kernel: [    0.246086] acpiphp: Slot [41] registered
May  4 10:21:27 kernel: [    0.246107] acpiphp: Slot [42] registered
May  4 10:21:27 kernel: [    0.246128] acpiphp: Slot [43] registered
May  4 10:21:27 kernel: [    0.246165] acpiphp: Slot [44] registered
May  4 10:21:27 kernel: [    0.246186] acpiphp: Slot [45] registered
May  4 10:21:27 kernel: [    0.246208] acpiphp: Slot [46] registered
May  4 10:21:27 kernel: [    0.246230] acpiphp: Slot [47] registered
May  4 10:21:27 kernel: [    0.246280] acpiphp: Slot [48] registered
May  4 10:21:27 kernel: [    0.246301] acpiphp: Slot [49] registered
May  4 10:21:27 kernel: [    0.246322] acpiphp: Slot [50] registered
May  4 10:21:27 kernel: [    0.246343] acpiphp: Slot [51] registered
May  4 10:21:27 kernel: [    0.246365] acpiphp: Slot [52] registered
May  4 10:21:27 kernel: [    0.246386] acpiphp: Slot [53] registered
May  4 10:21:27 kernel: [    0.246407] acpiphp: Slot [54] registered
May  4 10:21:27 kernel: [    0.246428] acpiphp: Slot [55] registered
May  4 10:21:27 kernel: [    0.246554] acpiphp: Slot [56] registered
May  4 10:21:27 kernel: [    0.246578] acpiphp: Slot [57] registered
May  4 10:21:27 kernel: [    0.246599] acpiphp: Slot [58] registered
May  4 10:21:27 kernel: [    0.246621] acpiphp: Slot [59] registered
May  4 10:21:27 kernel: [    0.246692] acpiphp: Slot [60] registered
May  4 10:21:27 kernel: [    0.246716] acpiphp: Slot [61] registered
May  4 10:21:27 kernel: [    0.246737] acpiphp: Slot [62] registered
May  4 10:21:27 kernel: [    0.246758] acpiphp: Slot [63] registered
May  4 10:21:27 kernel: [    0.246841] pci 0000:02:00.0: [15ad:0774] type 00 class 0x0c0300
May  4 10:21:27 kernel: [    0.247934] pci 0000:02:00.0: reg 0x20: [io  0x20c0-0x20df]
May  4 10:21:27 kernel: [    0.248889] pci 0000:02:01.0: [1022:2000] type 00 class 0x020000
May  4 10:21:27 kernel: [    0.249153] pci 0000:02:01.0: reg 0x10: [io  0x2000-0x207f]
May  4 10:21:27 kernel: [    0.250268] pci 0000:02:01.0: reg 0x30: [mem 0x00000000-0x0000ffff pref]
May  4 10:21:27 kernel: [    0.250655] pci 0000:02:02.0: [1274:1371] type 00 class 0x040100
May  4 10:21:27 kernel: [    0.251009] pci 0000:02:02.0: reg 0x10: [io  0x2080-0x20bf]
May  4 10:21:27 kernel: [    0.253073] pci 0000:02:04.0: [15ad:07e0] type 00 class 0x010601
May  4 10:21:27 kernel: [    0.254371] pci 0000:02:04.0: reg 0x24: [mem 0xfd5ff000-0xfd5fffff]
May  4 10:21:27 kernel: [    0.254556] pci 0000:02:04.0: reg 0x30: [mem 0x00000000-0x0000ffff pref]
May  4 10:21:27 kernel: [    0.255027] pci 0000:02:04.0: PME# supported from D3hot
May  4 10:21:27 kernel: [    0.255595] pci 0000:00:11.0: PCI bridge to [bus 02] (subtractive decode)
May  4 10:21:27 kernel: [    0.255619] pci 0000:00:11.0:   bridge window [io  0x2000-0x3fff]
May  4 10:21:27 kernel: [    0.255653] pci 0000:00:11.0:   bridge window [mem 0xfd500000-0xfdffffff]
May  4 10:21:27 kernel: [    0.255711] pci 0000:00:11.0:   bridge window [mem 0xe7b00000-0xe7ffffff 64bit pref]
May  4 10:21:27 kernel: [    0.255712] pci 0000:00:11.0:   bridge window [mem 0x000a0000-0x000bffff window] (subtractive decode)
May  4 10:21:27 kernel: [    0.255713] pci 0000:00:11.0:   bridge window [mem 0x000d0000-0x000d3fff window] (subtractive decode)
May  4 10:21:27 kernel: [    0.255714] pci 0000:00:11.0:   bridge window [mem 0x000d4000-0x000d7fff window] (subtractive decode)
May  4 10:21:27 kernel: [    0.255715] pci 0000:00:11.0:   bridge window [mem 0x000d8000-0x000dbfff window] (subtractive decode)
May  4 10:21:27 kernel: [    0.255716] pci 0000:00:11.0:   bridge window [mem 0xc0000000-0xfebfffff window] (subtractive decode)
May  4 10:21:27 kernel: [    0.255717] pci 0000:00:11.0:   bridge window [io  0x0000-0x0cf7 window] (subtractive decode)
May  4 10:21:27 kernel: [    0.255718] pci 0000:00:11.0:   bridge window [io  0x0d00-0xfeff window] (subtractive decode)
May  4 10:21:27 kernel: [    0.256062] pci 0000:00:15.0: PCI bridge to [bus 03]
May  4 10:21:27 kernel: [    0.256085] pci 0000:00:15.0:   bridge window [io  0x4000-0x4fff]
May  4 10:21:27 kernel: [    0.256108] pci 0000:00:15.0:   bridge window [mem 0xfd400000-0xfd4fffff]
May  4 10:21:27 kernel: [    0.256152] pci 0000:00:15.0:   bridge window [mem 0xe7a00000-0xe7afffff 64bit pref]
May  4 10:21:27 kernel: [    0.256498] pci 0000:00:15.1: PCI bridge to [bus 04]
May  4 10:21:27 kernel: [    0.256522] pci 0000:00:15.1:   bridge window [io  0x8000-0x8fff]
May  4 10:21:27 kernel: [    0.256545] pci 0000:00:15.1:   bridge window [mem 0xfd000000-0xfd0fffff]
May  4 10:21:27 kernel: [    0.256589] pci 0000:00:15.1:   bridge window [mem 0xe7600000-0xe76fffff 64bit pref]
May  4 10:21:27 kernel: [    0.257052] pci 0000:00:15.2: PCI bridge to [bus 05]
May  4 10:21:27 kernel: [    0.257076] pci 0000:00:15.2:   bridge window [io  0xc000-0xcfff]
May  4 10:21:27 kernel: [    0.257099] pci 0000:00:15.2:   bridge window [mem 0xfcc00000-0xfccfffff]
May  4 10:21:27 kernel: [    0.257144] pci 0000:00:15.2:   bridge window [mem 0xe7200000-0xe72fffff 64bit pref]
May  4 10:21:27 kernel: [    0.257463] pci 0000:00:15.3: PCI bridge to [bus 06]
May  4 10:21:27 kernel: [    0.257508] pci 0000:00:15.3:   bridge window [mem 0xfc800000-0xfc8fffff]
May  4 10:21:27 kernel: [    0.257553] pci 0000:00:15.3:   bridge window [mem 0xe6e00000-0xe6efffff 64bit pref]
May  4 10:21:27 kernel: [    0.257921] pci 0000:00:15.4: PCI bridge to [bus 07]
May  4 10:21:27 kernel: [    0.257966] pci 0000:00:15.4:   bridge window [mem 0xfc400000-0xfc4fffff]
May  4 10:21:27 kernel: [    0.258011] pci 0000:00:15.4:   bridge window [mem 0xe6a00000-0xe6afffff 64bit pref]
May  4 10:21:27 kernel: [    0.258331] pci 0000:00:15.5: PCI bridge to [bus 08]
May  4 10:21:27 kernel: [    0.258382] pci 0000:00:15.5:   bridge window [mem 0xfc000000-0xfc0fffff]
May  4 10:21:27 kernel: [    0.258427] pci 0000:00:15.5:   bridge window [mem 0xe6600000-0xe66fffff 64bit pref]
May  4 10:21:27 kernel: [    0.258775] pci 0000:00:15.6: PCI bridge to [bus 09]
May  4 10:21:27 kernel: [    0.258820] pci 0000:00:15.6:   bridge window [mem 0xfbc00000-0xfbcfffff]
May  4 10:21:27 kernel: [    0.258865] pci 0000:00:15.6:   bridge window [mem 0xe6200000-0xe62fffff 64bit pref]
May  4 10:21:27 kernel: [    0.259239] pci 0000:00:15.7: PCI bridge to [bus 0a]
May  4 10:21:27 kernel: [    0.259284] pci 0000:00:15.7:   bridge window [mem 0xfb800000-0xfb8fffff]
May  4 10:21:27 kernel: [    0.259328] pci 0000:00:15.7:   bridge window [mem 0xe5e00000-0xe5efffff 64bit pref]
May  4 10:21:27 kernel: [    0.259645] pci 0000:00:16.0: PCI bridge to [bus 0b]
May  4 10:21:27 kernel: [    0.259668] pci 0000:00:16.0:   bridge window [io  0x5000-0x5fff]
May  4 10:21:27 kernel: [    0.259692] pci 0000:00:16.0:   bridge window [mem 0xfd300000-0xfd3fffff]
May  4 10:21:27 kernel: [    0.259737] pci 0000:00:16.0:   bridge window [mem 0xe7900000-0xe79fffff 64bit pref]
May  4 10:21:27 kernel: [    0.260108] pci 0000:00:16.1: PCI bridge to [bus 0c]
May  4 10:21:27 kernel: [    0.260132] pci 0000:00:16.1:   bridge window [io  0x9000-0x9fff]
May  4 10:21:27 kernel: [    0.260154] pci 0000:00:16.1:   bridge window [mem 0xfcf00000-0xfcffffff]
May  4 10:21:27 kernel: [    0.260199] pci 0000:00:16.1:   bridge window [mem 0xe7500000-0xe75fffff 64bit pref]
May  4 10:21:27 kernel: [    0.260511] pci 0000:00:16.2: PCI bridge to [bus 0d]
May  4 10:21:27 kernel: [    0.260534] pci 0000:00:16.2:   bridge window [io  0xd000-0xdfff]
May  4 10:21:27 kernel: [    0.260557] pci 0000:00:16.2:   bridge window [mem 0xfcb00000-0xfcbfffff]
May  4 10:21:27 kernel: [    0.260601] pci 0000:00:16.2:   bridge window [mem 0xe7100000-0xe71fffff 64bit pref]
May  4 10:21:27 kernel: [    0.260959] pci 0000:00:16.3: PCI bridge to [bus 0e]
May  4 10:21:27 kernel: [    0.261004] pci 0000:00:16.3:   bridge window [mem 0xfc700000-0xfc7fffff]
May  4 10:21:27 kernel: [    0.261071] pci 0000:00:16.3:   bridge window [mem 0xe6d00000-0xe6dfffff 64bit pref]
May  4 10:21:27 kernel: [    0.261420] pci 0000:00:16.4: PCI bridge to [bus 0f]
May  4 10:21:27 kernel: [    0.261466] pci 0000:00:16.4:   bridge window [mem 0xfc300000-0xfc3fffff]
May  4 10:21:27 kernel: [    0.261511] pci 0000:00:16.4:   bridge window [mem 0xe6900000-0xe69fffff 64bit pref]
May  4 10:21:27 kernel: [    0.261827] pci 0000:00:16.5: PCI bridge to [bus 10]
May  4 10:21:27 kernel: [    0.261872] pci 0000:00:16.5:   bridge window [mem 0xfbf00000-0xfbffffff]
May  4 10:21:27 kernel: [    0.261917] pci 0000:00:16.5:   bridge window [mem 0xe6500000-0xe65fffff 64bit pref]
May  4 10:21:27 kernel: [    0.262285] pci 0000:00:16.6: PCI bridge to [bus 11]
May  4 10:21:27 kernel: [    0.262330] pci 0000:00:16.6:   bridge window [mem 0xfbb00000-0xfbbfffff]
May  4 10:21:27 kernel: [    0.262375] pci 0000:00:16.6:   bridge window [mem 0xe6100000-0xe61fffff 64bit pref]
May  4 10:21:27 kernel: [    0.262690] pci 0000:00:16.7: PCI bridge to [bus 12]
May  4 10:21:27 kernel: [    0.262736] pci 0000:00:16.7:   bridge window [mem 0xfb700000-0xfb7fffff]
May  4 10:21:27 kernel: [    0.262781] pci 0000:00:16.7:   bridge window [mem 0xe5d00000-0xe5dfffff 64bit pref]
May  4 10:21:27 kernel: [    0.263096] pci 0000:00:17.0: PCI bridge to [bus 13]
May  4 10:21:27 kernel: [    0.263119] pci 0000:00:17.0:   bridge window [io  0x6000-0x6fff]
May  4 10:21:27 kernel: [    0.263143] pci 0000:00:17.0:   bridge window [mem 0xfd200000-0xfd2fffff]
May  4 10:21:27 kernel: [    0.263200] pci 0000:00:17.0:   bridge window [mem 0xe7800000-0xe78fffff 64bit pref]
May  4 10:21:27 kernel: [    0.263555] pci 0000:00:17.1: PCI bridge to [bus 14]
May  4 10:21:27 kernel: [    0.263578] pci 0000:00:17.1:   bridge window [io  0xa000-0xafff]
May  4 10:21:27 kernel: [    0.263601] pci 0000:00:17.1:   bridge window [mem 0xfce00000-0xfcefffff]
May  4 10:21:27 kernel: [    0.263646] pci 0000:00:17.1:   bridge window [mem 0xe7400000-0xe74fffff 64bit pref]
May  4 10:21:27 kernel: [    0.264067] pci 0000:00:17.2: PCI bridge to [bus 15]
May  4 10:21:27 kernel: [    0.264093] pci 0000:00:17.2:   bridge window [io  0xe000-0xefff]
May  4 10:21:27 kernel: [    0.264119] pci 0000:00:17.2:   bridge window [mem 0xfca00000-0xfcafffff]
May  4 10:21:27 kernel: [    0.264168] pci 0000:00:17.2:   bridge window [mem 0xe7000000-0xe70fffff 64bit pref]
May  4 10:21:27 kernel: [    0.264590] pci 0000:00:17.3: PCI bridge to [bus 16]
May  4 10:21:27 kernel: [    0.264634] pci 0000:00:17.3:   bridge window [mem 0xfc600000-0xfc6fffff]
May  4 10:21:27 kernel: [    0.264678] pci 0000:00:17.3:   bridge window [mem 0xe6c00000-0xe6cfffff 64bit pref]
May  4 10:21:27 kernel: [    0.265033] pci 0000:00:17.4: PCI bridge to [bus 17]
May  4 10:21:27 kernel: [    0.265079] pci 0000:00:17.4:   bridge window [mem 0xfc200000-0xfc2fffff]
May  4 10:21:27 kernel: [    0.265124] pci 0000:00:17.4:   bridge window [mem 0xe6800000-0xe68fffff 64bit pref]
May  4 10:21:27 kernel: [    0.265467] pci 0000:00:17.5: PCI bridge to [bus 18]
May  4 10:21:27 kernel: [    0.265511] pci 0000:00:17.5:   bridge window [mem 0xfbe00000-0xfbefffff]
May  4 10:21:27 kernel: [    0.265556] pci 0000:00:17.5:   bridge window [mem 0xe6400000-0xe64fffff 64bit pref]
May  4 10:21:27 kernel: [    0.265903] pci 0000:00:17.6: PCI bridge to [bus 19]
May  4 10:21:27 kernel: [    0.265949] pci 0000:00:17.6:   bridge window [mem 0xfba00000-0xfbafffff]
May  4 10:21:27 kernel: [    0.265993] pci 0000:00:17.6:   bridge window [mem 0xe6000000-0xe60fffff 64bit pref]
May  4 10:21:27 kernel: [    0.266317] pci 0000:00:17.7: PCI bridge to [bus 1a]
May  4 10:21:27 kernel: [    0.266366] pci 0000:00:17.7:   bridge window [mem 0xfb600000-0xfb6fffff]
May  4 10:21:27 kernel: [    0.266411] pci 0000:00:17.7:   bridge window [mem 0xe5c00000-0xe5cfffff 64bit pref]
May  4 10:21:27 kernel: [    0.266730] pci 0000:00:18.0: PCI bridge to [bus 1b]
May  4 10:21:27 kernel: [    0.266754] pci 0000:00:18.0:   bridge window [io  0x7000-0x7fff]
May  4 10:21:27 kernel: [    0.266777] pci 0000:00:18.0:   bridge window [mem 0xfd100000-0xfd1fffff]
May  4 10:21:27 kernel: [    0.266822] pci 0000:00:18.0:   bridge window [mem 0xe7700000-0xe77fffff 64bit pref]
May  4 10:21:27 kernel: [    0.267168] pci 0000:00:18.1: PCI bridge to [bus 1c]
May  4 10:21:27 kernel: [    0.267192] pci 0000:00:18.1:   bridge window [io  0xb000-0xbfff]
May  4 10:21:27 kernel: [    0.267215] pci 0000:00:18.1:   bridge window [mem 0xfcd00000-0xfcdfffff]
May  4 10:21:27 kernel: [    0.267260] pci 0000:00:18.1:   bridge window [mem 0xe7300000-0xe73fffff 64bit pref]
May  4 10:21:27 kernel: [    0.267584] pci 0000:00:18.2: PCI bridge to [bus 1d]
May  4 10:21:27 kernel: [    0.267629] pci 0000:00:18.2:   bridge window [mem 0xfc900000-0xfc9fffff]
May  4 10:21:27 kernel: [    0.267674] pci 0000:00:18.2:   bridge window [mem 0xe6f00000-0xe6ffffff 64bit pref]
May  4 10:21:27 kernel: [    0.268023] pci 0000:00:18.3: PCI bridge to [bus 1e]
May  4 10:21:27 kernel: [    0.268069] pci 0000:00:18.3:   bridge window [mem 0xfc500000-0xfc5fffff]
May  4 10:21:27 kernel: [    0.268113] pci 0000:00:18.3:   bridge window [mem 0xe6b00000-0xe6bfffff 64bit pref]
May  4 10:21:27 kernel: [    0.268427] pci 0000:00:18.4: PCI bridge to [bus 1f]
May  4 10:21:27 kernel: [    0.268475] pci 0000:00:18.4:   bridge window [mem 0xfc100000-0xfc1fffff]
May  4 10:21:27 kernel: [    0.268519] pci 0000:00:18.4:   bridge window [mem 0xe6700000-0xe67fffff 64bit pref]
May  4 10:21:27 kernel: [    0.268876] pci 0000:00:18.5: PCI bridge to [bus 20]
May  4 10:21:27 kernel: [    0.268922] pci 0000:00:18.5:   bridge window [mem 0xfbd00000-0xfbdfffff]
May  4 10:21:27 kernel: [    0.268967] pci 0000:00:18.5:   bridge window [mem 0xe6300000-0xe63fffff 64bit pref]
May  4 10:21:27 kernel: [    0.269314] pci 0000:00:18.6: PCI bridge to [bus 21]
May  4 10:21:27 kernel: [    0.269360] pci 0000:00:18.6:   bridge window [mem 0xfb900000-0xfb9fffff]
May  4 10:21:27 kernel: [    0.269415] pci 0000:00:18.6:   bridge window [mem 0xe5f00000-0xe5ffffff 64bit pref]
May  4 10:21:27 kernel: [    0.269777] pci 0000:00:18.7: PCI bridge to [bus 22]
May  4 10:21:27 kernel: [    0.269823] pci 0000:00:18.7:   bridge window [mem 0xfb500000-0xfb5fffff]
May  4 10:21:27 kernel: [    0.269868] pci 0000:00:18.7:   bridge window [mem 0xe5b00000-0xe5bfffff 64bit pref]
May  4 10:21:27 kernel: [    0.272577] ACPI: PCI Interrupt Link [LNKA] (IRQs 3 4 5 6 7 *9 10 11 14 15)
May  4 10:21:27 kernel: [    0.272684] ACPI: PCI Interrupt Link [LNKB] (IRQs 3 4 5 6 7 9 10 *11 14 15)
May  4 10:21:27 kernel: [    0.272854] ACPI: PCI Interrupt Link [LNKC] (IRQs 3 4 5 6 7 9 *10 11 14 15)
May  4 10:21:27 kernel: [    0.272951] ACPI: PCI Interrupt Link [LNKD] (IRQs 3 4 5 6 *7 9 10 11 14 15)
May  4 10:21:27 kernel: [    0.291499] SCSI subsystem initialized
May  4 10:21:27 kernel: [    0.291620] libata version 3.00 loaded.
May  4 10:21:27 kernel: [    0.291667] pci 0000:00:0f.0: vgaarb: setting as boot VGA device
May  4 10:21:27 kernel: [    0.291670] pci 0000:00:0f.0: vgaarb: VGA device added: decodes=io+mem,owns=io+mem,locks=none
May  4 10:21:27 kernel: [    0.291679] pci 0000:00:0f.0: vgaarb: bridge control possible
May  4 10:21:27 kernel: [    0.291690] vgaarb: loaded
May  4 10:21:27 kernel: [    0.291708] ACPI: bus type USB registered
May  4 10:21:27 kernel: [    0.291761] usbcore: registered new interface driver usbfs
May  4 10:21:27 kernel: [    0.291766] usbcore: registered new interface driver hub
May  4 10:21:27 kernel: [    0.291830] usbcore: registered new device driver usb
May  4 10:21:27 kernel: [    0.292004] EDAC MC: Ver: 3.0.0
May  4 10:21:27 kernel: [    0.293692] PCI: Using ACPI for IRQ routing
May  4 10:21:27 kernel: [    0.296538] PCI: pci_cache_line_size set to 64 bytes
May  4 10:21:27 kernel: [    0.297602] e820: reserve RAM buffer [mem 0x0009e800-0x0009ffff]
May  4 10:21:27 kernel: [    0.297604] e820: reserve RAM buffer [mem 0x7fee0000-0x7fffffff]
May  4 10:21:27 kernel: [    0.297793] NetLabel: Initializing
May  4 10:21:27 kernel: [    0.297794] NetLabel:  domain hash size = 128
May  4 10:21:27 kernel: [    0.297794] NetLabel:  protocols = UNLABELED CIPSOv4 CALIPSO
May  4 10:21:27 kernel: [    0.297804] NetLabel:  unlabeled traffic allowed by default
May  4 10:21:27 kernel: [    0.298022] hpet0: at MMIO 0xfed00000, IRQs 2, 8, 0, 0, 0, 0, 0, 0, 0, 0, 0, 0, 0, 0, 0, 0
May  4 10:21:27 kernel: [    0.298029] hpet0: 16 comparators, 64-bit 14.318180 MHz counter
May  4 10:21:27 kernel: [    0.301058] clocksource: Switched to clocksource hpet
May  4 10:21:27 kernel: [    0.338961] VFS: Disk quotas dquot_6.6.0
May  4 10:21:27 kernel: [    0.339017] VFS: Dquot-cache hash table entries: 512 (order 0, 4096 bytes)
May  4 10:21:27 kernel: [    0.339480] AppArmor: AppArmor Filesystem Enabled
May  4 10:21:27 kernel: [    0.339504] pnp: PnP ACPI init
May  4 10:21:27 kernel: [    0.339797] system 00:00: [io  0x1000-0x103f] has been reserved
May  4 10:21:27 kernel: [    0.339798] system 00:00: [io  0x1040-0x104f] has been reserved
May  4 10:21:27 kernel: [    0.339800] system 00:00: [io  0x0cf0-0x0cf1] has been reserved
May  4 10:21:27 kernel: [    0.339805] system 00:00: Plug and Play ACPI device, IDs PNP0c02 (active)
May  4 10:21:27 kernel: [    0.339831] pnp 00:01: Plug and Play ACPI device, IDs PNP0b00 (active)
May  4 10:21:27 kernel: [    0.339848] pnp 00:02: Plug and Play ACPI device, IDs PNP0303 (active)
May  4 10:21:27 kernel: [    0.339864] pnp 00:03: Plug and Play ACPI device, IDs VMW0003 PNP0f13 (active)
May  4 10:21:27 kernel: [    0.340137] system 00:04: [mem 0xfed00000-0xfed003ff] has been reserved
May  4 10:21:27 kernel: [    0.340141] system 00:04: Plug and Play ACPI device, IDs PNP0103 PNP0c01 (active)
May  4 10:21:27 kernel: [    0.342028] pnp 00:05: Plug and Play ACPI device, IDs PNP0501 (active)
May  4 10:21:27 kernel: [    0.342545] system 00:06: [io  0xfce0-0xfcff] has been reserved
May  4 10:21:27 kernel: [    0.342547] system 00:06: [mem 0xf0000000-0xf7ffffff] has been reserved
May  4 10:21:27 kernel: [    0.342549] system 00:06: [mem 0xfe800000-0xfe9fffff] has been reserved
May  4 10:21:27 kernel: [    0.342554] system 00:06: Plug and Play ACPI device, IDs PNP0c02 (active)
May  4 10:21:27 kernel: [    0.350110] pnp: PnP ACPI: found 7 devices
May  4 10:21:27 kernel: [    0.356675] clocksource: acpi_pm: mask: 0xffffff max_cycles: 0xffffff, max_idle_ns: 2085701024 ns
May  4 10:21:27 kernel: [    0.357044] pci 0000:00:15.3: bridge window [io  0x1000-0x0fff] to [bus 06] add_size 1000
May  4 10:21:27 kernel: [    0.357111] pci 0000:00:15.4: bridge window [io  0x1000-0x0fff] to [bus 07] add_size 1000
May  4 10:21:27 kernel: [    0.357178] pci 0000:00:15.5: bridge window [io  0x1000-0x0fff] to [bus 08] add_size 1000
May  4 10:21:27 kernel: [    0.357245] pci 0000:00:15.6: bridge window [io  0x1000-0x0fff] to [bus 09] add_size 1000
May  4 10:21:27 kernel: [    0.357311] pci 0000:00:15.7: bridge window [io  0x1000-0x0fff] to [bus 0a] add_size 1000
May  4 10:21:27 kernel: [    0.357622] pci 0000:00:16.3: bridge window [io  0x1000-0x0fff] to [bus 0e] add_size 1000
May  4 10:21:27 kernel: [    0.357705] pci 0000:00:16.4: bridge window [io  0x1000-0x0fff] to [bus 0f] add_size 1000
May  4 10:21:27 kernel: [    0.357772] pci 0000:00:16.5: bridge window [io  0x1000-0x0fff] to [bus 10] add_size 1000
May  4 10:21:27 kernel: [    0.357838] pci 0000:00:16.6: bridge window [io  0x1000-0x0fff] to [bus 11] add_size 1000
May  4 10:21:27 kernel: [    0.357905] pci 0000:00:16.7: bridge window [io  0x1000-0x0fff] to [bus 12] add_size 1000
May  4 10:21:27 kernel: [    0.358166] pci 0000:00:17.3: bridge window [io  0x1000-0x0fff] to [bus 16] add_size 1000
May  4 10:21:27 kernel: [    0.358233] pci 0000:00:17.4: bridge window [io  0x1000-0x0fff] to [bus 17] add_size 1000
May  4 10:21:27 kernel: [    0.358299] pci 0000:00:17.5: bridge window [io  0x1000-0x0fff] to [bus 18] add_size 1000
May  4 10:21:27 kernel: [    0.358366] pci 0000:00:17.6: bridge window [io  0x1000-0x0fff] to [bus 19] add_size 1000
May  4 10:21:27 kernel: [    0.358433] pci 0000:00:17.7: bridge window [io  0x1000-0x0fff] to [bus 1a] add_size 1000
May  4 10:21:27 kernel: [    0.358629] pci 0000:00:18.2: bridge window [io  0x1000-0x0fff] to [bus 1d] add_size 1000
May  4 10:21:27 kernel: [    0.358696] pci 0000:00:18.3: bridge window [io  0x1000-0x0fff] to [bus 1e] add_size 1000
May  4 10:21:27 kernel: [    0.358766] pci 0000:00:18.4: bridge window [io  0x1000-0x0fff] to [bus 1f] add_size 1000
May  4 10:21:27 kernel: [    0.358833] pci 0000:00:18.5: bridge window [io  0x1000-0x0fff] to [bus 20] add_size 1000
May  4 10:21:27 kernel: [    0.358900] pci 0000:00:18.6: bridge window [io  0x1000-0x0fff] to [bus 21] add_size 1000
May  4 10:21:27 kernel: [    0.358966] pci 0000:00:18.7: bridge window [io  0x1000-0x0fff] to [bus 22] add_size 1000
May  4 10:21:27 kernel: [    0.359010] pci 0000:00:0f.0: BAR 6: assigned [mem 0xc0000000-0xc0007fff pref]
May  4 10:21:27 kernel: [    0.359013] pci 0000:00:10.0: BAR 6: assigned [mem 0xc0008000-0xc000bfff pref]
May  4 10:21:27 kernel: [    0.359016] pci 0000:00:15.3: BAR 13: no space for [io  size 0x1000]
May  4 10:21:27 kernel: [    0.359017] pci 0000:00:15.3: BAR 13: failed to assign [io  size 0x1000]
May  4 10:21:27 kernel: [    0.359037] pci 0000:00:15.4: BAR 13: no space for [io  size 0x1000]
May  4 10:21:27 kernel: [    0.359038] pci 0000:00:15.4: BAR 13: failed to assign [io  size 0x1000]
May  4 10:21:27 kernel: [    0.359040] pci 0000:00:15.5: BAR 13: no space for [io  size 0x1000]
May  4 10:21:27 kernel: [    0.359041] pci 0000:00:15.5: BAR 13: failed to assign [io  size 0x1000]
May  4 10:21:27 kernel: [    0.359043] pci 0000:00:15.6: BAR 13: no space for [io  size 0x1000]
May  4 10:21:27 kernel: [    0.359044] pci 0000:00:15.6: BAR 13: failed to assign [io  size 0x1000]
May  4 10:21:27 kernel: [    0.359046] pci 0000:00:15.7: BAR 13: no space for [io  size 0x1000]
May  4 10:21:27 kernel: [    0.359047] pci 0000:00:15.7: BAR 13: failed to assign [io  size 0x1000]
May  4 10:21:27 kernel: [    0.359049] pci 0000:00:16.3: BAR 13: no space for [io  size 0x1000]
May  4 10:21:27 kernel: [    0.359050] pci 0000:00:16.3: BAR 13: failed to assign [io  size 0x1000]
May  4 10:21:27 kernel: [    0.359052] pci 0000:00:16.4: BAR 13: no space for [io  size 0x1000]
May  4 10:21:27 kernel: [    0.359053] pci 0000:00:16.4: BAR 13: failed to assign [io  size 0x1000]
May  4 10:21:27 kernel: [    0.359055] pci 0000:00:16.5: BAR 13: no space for [io  size 0x1000]
May  4 10:21:27 kernel: [    0.359056] pci 0000:00:16.5: BAR 13: failed to assign [io  size 0x1000]
May  4 10:21:27 kernel: [    0.359058] pci 0000:00:16.6: BAR 13: no space for [io  size 0x1000]
May  4 10:21:27 kernel: [    0.359059] pci 0000:00:16.6: BAR 13: failed to assign [io  size 0x1000]
May  4 10:21:27 kernel: [    0.359060] pci 0000:00:16.7: BAR 13: no space for [io  size 0x1000]
May  4 10:21:27 kernel: [    0.359072] pci 0000:00:16.7: BAR 13: failed to assign [io  size 0x1000]
May  4 10:21:27 kernel: [    0.359074] pci 0000:00:17.3: BAR 13: no space for [io  size 0x1000]
May  4 10:21:27 kernel: [    0.359074] pci 0000:00:17.3: BAR 13: failed to assign [io  size 0x1000]
May  4 10:21:27 kernel: [    0.359076] pci 0000:00:17.4: BAR 13: no space for [io  size 0x1000]
May  4 10:21:27 kernel: [    0.359077] pci 0000:00:17.4: BAR 13: failed to assign [io  size 0x1000]
May  4 10:21:27 kernel: [    0.359079] pci 0000:00:17.5: BAR 13: no space for [io  size 0x1000]
May  4 10:21:27 kernel: [    0.359080] pci 0000:00:17.5: BAR 13: failed to assign [io  size 0x1000]
May  4 10:21:27 kernel: [    0.359081] pci 0000:00:17.6: BAR 13: no space for [io  size 0x1000]
May  4 10:21:27 kernel: [    0.359082] pci 0000:00:17.6: BAR 13: failed to assign [io  size 0x1000]
May  4 10:21:27 kernel: [    0.359084] pci 0000:00:17.7: BAR 13: no space for [io  size 0x1000]
May  4 10:21:27 kernel: [    0.359085] pci 0000:00:17.7: BAR 13: failed to assign [io  size 0x1000]
May  4 10:21:27 kernel: [    0.359087] pci 0000:00:18.2: BAR 13: no space for [io  size 0x1000]
May  4 10:21:27 kernel: [    0.359088] pci 0000:00:18.2: BAR 13: failed to assign [io  size 0x1000]
May  4 10:21:27 kernel: [    0.359089] pci 0000:00:18.3: BAR 13: no space for [io  size 0x1000]
May  4 10:21:27 kernel: [    0.359090] pci 0000:00:18.3: BAR 13: failed to assign [io  size 0x1000]
May  4 10:21:27 kernel: [    0.359092] pci 0000:00:18.4: BAR 13: no space for [io  size 0x1000]
May  4 10:21:27 kernel: [    0.359093] pci 0000:00:18.4: BAR 13: failed to assign [io  size 0x1000]
May  4 10:21:27 kernel: [    0.359095] pci 0000:00:18.5: BAR 13: no space for [io  size 0x1000]
May  4 10:21:27 kernel: [    0.359096] pci 0000:00:18.5: BAR 13: failed to assign [io  size 0x1000]
May  4 10:21:27 kernel: [    0.359097] pci 0000:00:18.6: BAR 13: no space for [io  size 0x1000]
May  4 10:21:27 kernel: [    0.359098] pci 0000:00:18.6: BAR 13: failed to assign [io  size 0x1000]
May  4 10:21:27 kernel: [    0.359100] pci 0000:00:18.7: BAR 13: no space for [io  size 0x1000]
May  4 10:21:27 kernel: [    0.359101] pci 0000:00:18.7: BAR 13: failed to assign [io  size 0x1000]
May  4 10:21:27 kernel: [    0.359105] pci 0000:00:18.7: BAR 13: no space for [io  size 0x1000]
May  4 10:21:27 kernel: [    0.359106] pci 0000:00:18.7: BAR 13: failed to assign [io  size 0x1000]
May  4 10:21:27 kernel: [    0.359108] pci 0000:00:18.6: BAR 13: no space for [io  size 0x1000]
May  4 10:21:27 kernel: [    0.359109] pci 0000:00:18.6: BAR 13: failed to assign [io  size 0x1000]
May  4 10:21:27 kernel: [    0.359110] pci 0000:00:18.5: BAR 13: no space for [io  size 0x1000]
May  4 10:21:27 kernel: [    0.359111] pci 0000:00:18.5: BAR 13: failed to assign [io  size 0x1000]
May  4 10:21:27 kernel: [    0.359113] pci 0000:00:18.4: BAR 13: no space for [io  size 0x1000]
May  4 10:21:27 kernel: [    0.359114] pci 0000:00:18.4: BAR 13: failed to assign [io  size 0x1000]
May  4 10:21:27 kernel: [    0.359116] pci 0000:00:18.3: BAR 13: no space for [io  size 0x1000]
May  4 10:21:27 kernel: [    0.359117] pci 0000:00:18.3: BAR 13: failed to assign [io  size 0x1000]
May  4 10:21:27 kernel: [    0.359118] pci 0000:00:18.2: BAR 13: no space for [io  size 0x1000]
May  4 10:21:27 kernel: [    0.359119] pci 0000:00:18.2: BAR 13: failed to assign [io  size 0x1000]
May  4 10:21:27 kernel: [    0.359121] pci 0000:00:17.7: BAR 13: no space for [io  size 0x1000]
May  4 10:21:27 kernel: [    0.359122] pci 0000:00:17.7: BAR 13: failed to assign [io  size 0x1000]
May  4 10:21:27 kernel: [    0.359124] pci 0000:00:17.6: BAR 13: no space for [io  size 0x1000]
May  4 10:21:27 kernel: [    0.359125] pci 0000:00:17.6: BAR 13: failed to assign [io  size 0x1000]
May  4 10:21:27 kernel: [    0.359126] pci 0000:00:17.5: BAR 13: no space for [io  size 0x1000]
May  4 10:21:27 kernel: [    0.359127] pci 0000:00:17.5: BAR 13: failed to assign [io  size 0x1000]
May  4 10:21:27 kernel: [    0.359129] pci 0000:00:17.4: BAR 13: no space for [io  size 0x1000]
May  4 10:21:27 kernel: [    0.359130] pci 0000:00:17.4: BAR 13: failed to assign [io  size 0x1000]
May  4 10:21:27 kernel: [    0.359132] pci 0000:00:17.3: BAR 13: no space for [io  size 0x1000]
May  4 10:21:27 kernel: [    0.359132] pci 0000:00:17.3: BAR 13: failed to assign [io  size 0x1000]
May  4 10:21:27 kernel: [    0.359134] pci 0000:00:16.7: BAR 13: no space for [io  size 0x1000]
May  4 10:21:27 kernel: [    0.359135] pci 0000:00:16.7: BAR 13: failed to assign [io  size 0x1000]
May  4 10:21:27 kernel: [    0.359137] pci 0000:00:16.6: BAR 13: no space for [io  size 0x1000]
May  4 10:21:27 kernel: [    0.359138] pci 0000:00:16.6: BAR 13: failed to assign [io  size 0x1000]
May  4 10:21:27 kernel: [    0.359139] pci 0000:00:16.5: BAR 13: no space for [io  size 0x1000]
May  4 10:21:27 kernel: [    0.359140] pci 0000:00:16.5: BAR 13: failed to assign [io  size 0x1000]
May  4 10:21:27 kernel: [    0.359142] pci 0000:00:16.4: BAR 13: no space for [io  size 0x1000]
May  4 10:21:27 kernel: [    0.359143] pci 0000:00:16.4: BAR 13: failed to assign [io  size 0x1000]
May  4 10:21:27 kernel: [    0.359145] pci 0000:00:16.3: BAR 13: no space for [io  size 0x1000]
May  4 10:21:27 kernel: [    0.359146] pci 0000:00:16.3: BAR 13: failed to assign [io  size 0x1000]
May  4 10:21:27 kernel: [    0.359147] pci 0000:00:15.7: BAR 13: no space for [io  size 0x1000]
May  4 10:21:27 kernel: [    0.359148] pci 0000:00:15.7: BAR 13: failed to assign [io  size 0x1000]
May  4 10:21:27 kernel: [    0.359150] pci 0000:00:15.6: BAR 13: no space for [io  size 0x1000]
May  4 10:21:27 kernel: [    0.359151] pci 0000:00:15.6: BAR 13: failed to assign [io  size 0x1000]
May  4 10:21:27 kernel: [    0.359153] pci 0000:00:15.5: BAR 13: no space for [io  size 0x1000]
May  4 10:21:27 kernel: [    0.359153] pci 0000:00:15.5: BAR 13: failed to assign [io  size 0x1000]
May  4 10:21:27 kernel: [    0.359155] pci 0000:00:15.4: BAR 13: no space for [io  size 0x1000]
May  4 10:21:27 kernel: [    0.359156] pci 0000:00:15.4: BAR 13: failed to assign [io  size 0x1000]
May  4 10:21:27 kernel: [    0.359158] pci 0000:00:15.3: BAR 13: no space for [io  size 0x1000]
May  4 10:21:27 kernel: [    0.359159] pci 0000:00:15.3: BAR 13: failed to assign [io  size 0x1000]
May  4 10:21:27 kernel: [    0.359161] pci 0000:00:01.0: PCI bridge to [bus 01]
May  4 10:21:27 kernel: [    0.359264] pci 0000:02:01.0: BAR 6: assigned [mem 0xfd500000-0xfd50ffff pref]
May  4 10:21:27 kernel: [    0.359266] pci 0000:02:04.0: BAR 6: assigned [mem 0xfd510000-0xfd51ffff pref]
May  4 10:21:27 kernel: [    0.359267] pci 0000:00:11.0: PCI bridge to [bus 02]
May  4 10:21:27 kernel: [    0.359280] pci 0000:00:11.0:   bridge window [io  0x2000-0x3fff]
May  4 10:21:27 kernel: [    0.359314] pci 0000:00:11.0:   bridge window [mem 0xfd500000-0xfdffffff]
May  4 10:21:27 kernel: [    0.359337] pci 0000:00:11.0:   bridge window [mem 0xe7b00000-0xe7ffffff 64bit pref]
May  4 10:21:27 kernel: [    0.359381] pci 0000:00:15.0: PCI bridge to [bus 03]
May  4 10:21:27 kernel: [    0.359393] pci 0000:00:15.0:   bridge window [io  0x4000-0x4fff]
May  4 10:21:27 kernel: [    0.359427] pci 0000:00:15.0:   bridge window [mem 0xfd400000-0xfd4fffff]
May  4 10:21:27 kernel: [    0.359450] pci 0000:00:15.0:   bridge window [mem 0xe7a00000-0xe7afffff 64bit pref]
May  4 10:21:27 kernel: [    0.359526] pci 0000:00:15.1: PCI bridge to [bus 04]
May  4 10:21:27 kernel: [    0.359539] pci 0000:00:15.1:   bridge window [io  0x8000-0x8fff]
May  4 10:21:27 kernel: [    0.359573] pci 0000:00:15.1:   bridge window [mem 0xfd000000-0xfd0fffff]
May  4 10:21:27 kernel: [    0.359621] pci 0000:00:15.1:   bridge window [mem 0xe7600000-0xe76fffff 64bit pref]
May  4 10:21:27 kernel: [    0.359714] pci 0000:00:15.2: PCI bridge to [bus 05]
May  4 10:21:27 kernel: [    0.359728] pci 0000:00:15.2:   bridge window [io  0xc000-0xcfff]
May  4 10:21:27 kernel: [    0.359766] pci 0000:00:15.2:   bridge window [mem 0xfcc00000-0xfccfffff]
May  4 10:21:27 kernel: [    0.359803] pci 0000:00:15.2:   bridge window [mem 0xe7200000-0xe72fffff 64bit pref]
May  4 10:21:27 kernel: [    0.359855] pci 0000:00:15.3: PCI bridge to [bus 06]
May  4 10:21:27 kernel: [    0.359889] pci 0000:00:15.3:   bridge window [mem 0xfc800000-0xfc8fffff]
May  4 10:21:27 kernel: [    0.359912] pci 0000:00:15.3:   bridge window [mem 0xe6e00000-0xe6efffff 64bit pref]
May  4 10:21:27 kernel: [    0.359987] pci 0000:00:15.4: PCI bridge to [bus 07]
May  4 10:21:27 kernel: [    0.360059] pci 0000:00:15.4:   bridge window [mem 0xfc400000-0xfc4fffff]
May  4 10:21:27 kernel: [    0.360084] pci 0000:00:15.4:   bridge window [mem 0xe6a00000-0xe6afffff 64bit pref]
May  4 10:21:27 kernel: [    0.360146] pci 0000:00:15.5: PCI bridge to [bus 08]
May  4 10:21:27 kernel: [    0.360180] pci 0000:00:15.5:   bridge window [mem 0xfc000000-0xfc0fffff]
May  4 10:21:27 kernel: [    0.360203] pci 0000:00:15.5:   bridge window [mem 0xe6600000-0xe66fffff 64bit pref]
May  4 10:21:27 kernel: [    0.360254] pci 0000:00:15.6: PCI bridge to [bus 09]
May  4 10:21:27 kernel: [    0.360287] pci 0000:00:15.6:   bridge window [mem 0xfbc00000-0xfbcfffff]
May  4 10:21:27 kernel: [    0.360310] pci 0000:00:15.6:   bridge window [mem 0xe6200000-0xe62fffff 64bit pref]
May  4 10:21:27 kernel: [    0.360360] pci 0000:00:15.7: PCI bridge to [bus 0a]
May  4 10:21:27 kernel: [    0.360393] pci 0000:00:15.7:   bridge window [mem 0xfb800000-0xfb8fffff]
May  4 10:21:27 kernel: [    0.360416] pci 0000:00:15.7:   bridge window [mem 0xe5e00000-0xe5efffff 64bit pref]
May  4 10:21:27 kernel: [    0.360466] pci 0000:00:16.0: PCI bridge to [bus 0b]
May  4 10:21:27 kernel: [    0.360479] pci 0000:00:16.0:   bridge window [io  0x5000-0x5fff]
May  4 10:21:27 kernel: [    0.360512] pci 0000:00:16.0:   bridge window [mem 0xfd300000-0xfd3fffff]
May  4 10:21:27 kernel: [    0.360535] pci 0000:00:16.0:   bridge window [mem 0xe7900000-0xe79fffff 64bit pref]
May  4 10:21:27 kernel: [    0.360585] pci 0000:00:16.1: PCI bridge to [bus 0c]
May  4 10:21:27 kernel: [    0.360598] pci 0000:00:16.1:   bridge window [io  0x9000-0x9fff]
May  4 10:21:27 kernel: [    0.360632] pci 0000:00:16.1:   bridge window [mem 0xfcf00000-0xfcffffff]
May  4 10:21:27 kernel: [    0.360654] pci 0000:00:16.1:   bridge window [mem 0xe7500000-0xe75fffff 64bit pref]
May  4 10:21:27 kernel: [    0.360704] pci 0000:00:16.2: PCI bridge to [bus 0d]
May  4 10:21:27 kernel: [    0.360717] pci 0000:00:16.2:   bridge window [io  0xd000-0xdfff]
May  4 10:21:27 kernel: [    0.360751] pci 0000:00:16.2:   bridge window [mem 0xfcb00000-0xfcbfffff]
May  4 10:21:27 kernel: [    0.360773] pci 0000:00:16.2:   bridge window [mem 0xe7100000-0xe71fffff 64bit pref]
May  4 10:21:27 kernel: [    0.360824] pci 0000:00:16.3: PCI bridge to [bus 0e]
May  4 10:21:27 kernel: [    0.360860] pci 0000:00:16.3:   bridge window [mem 0xfc700000-0xfc7fffff]
May  4 10:21:27 kernel: [    0.360883] pci 0000:00:16.3:   bridge window [mem 0xe6d00000-0xe6dfffff 64bit pref]
May  4 10:21:27 kernel: [    0.360933] pci 0000:00:16.4: PCI bridge to [bus 0f]
May  4 10:21:27 kernel: [    0.360967] pci 0000:00:16.4:   bridge window [mem 0xfc300000-0xfc3fffff]
May  4 10:21:27 kernel: [    0.360990] pci 0000:00:16.4:   bridge window [mem 0xe6900000-0xe69fffff 64bit pref]
May  4 10:21:27 kernel: [    0.361040] pci 0000:00:16.5: PCI bridge to [bus 10]
May  4 10:21:27 kernel: [    0.361074] pci 0000:00:16.5:   bridge window [mem 0xfbf00000-0xfbffffff]
May  4 10:21:27 kernel: [    0.361097] pci 0000:00:16.5:   bridge window [mem 0xe6500000-0xe65fffff 64bit pref]
May  4 10:21:27 kernel: [    0.361147] pci 0000:00:16.6: PCI bridge to [bus 11]
May  4 10:21:27 kernel: [    0.361180] pci 0000:00:16.6:   bridge window [mem 0xfbb00000-0xfbbfffff]
May  4 10:21:27 kernel: [    0.361203] pci 0000:00:16.6:   bridge window [mem 0xe6100000-0xe61fffff 64bit pref]
May  4 10:21:27 kernel: [    0.361253] pci 0000:00:16.7: PCI bridge to [bus 12]
May  4 10:21:27 kernel: [    0.361287] pci 0000:00:16.7:   bridge window [mem 0xfb700000-0xfb7fffff]
May  4 10:21:27 kernel: [    0.361310] pci 0000:00:16.7:   bridge window [mem 0xe5d00000-0xe5dfffff 64bit pref]
May  4 10:21:27 kernel: [    0.361360] pci 0000:00:17.0: PCI bridge to [bus 13]
May  4 10:21:27 kernel: [    0.361372] pci 0000:00:17.0:   bridge window [io  0x6000-0x6fff]
May  4 10:21:27 kernel: [    0.361406] pci 0000:00:17.0:   bridge window [mem 0xfd200000-0xfd2fffff]
May  4 10:21:27 kernel: [    0.361429] pci 0000:00:17.0:   bridge window [mem 0xe7800000-0xe78fffff 64bit pref]
May  4 10:21:27 kernel: [    0.361479] pci 0000:00:17.1: PCI bridge to [bus 14]
May  4 10:21:27 kernel: [    0.361491] pci 0000:00:17.1:   bridge window [io  0xa000-0xafff]
May  4 10:21:27 kernel: [    0.361525] pci 0000:00:17.1:   bridge window [mem 0xfce00000-0xfcefffff]
May  4 10:21:27 kernel: [    0.361548] pci 0000:00:17.1:   bridge window [mem 0xe7400000-0xe74fffff 64bit pref]
May  4 10:21:27 kernel: [    0.361598] pci 0000:00:17.2: PCI bridge to [bus 15]
May  4 10:21:27 kernel: [    0.361611] pci 0000:00:17.2:   bridge window [io  0xe000-0xefff]
May  4 10:21:27 kernel: [    0.361644] pci 0000:00:17.2:   bridge window [mem 0xfca00000-0xfcafffff]
May  4 10:21:27 kernel: [    0.361667] pci 0000:00:17.2:   bridge window [mem 0xe7000000-0xe70fffff 64bit pref]
May  4 10:21:27 kernel: [    0.361717] pci 0000:00:17.3: PCI bridge to [bus 16]
May  4 10:21:27 kernel: [    0.361751] pci 0000:00:17.3:   bridge window [mem 0xfc600000-0xfc6fffff]
May  4 10:21:27 kernel: [    0.361774] pci 0000:00:17.3:   bridge window [mem 0xe6c00000-0xe6cfffff 64bit pref]
May  4 10:21:27 kernel: [    0.361823] pci 0000:00:17.4: PCI bridge to [bus 17]
May  4 10:21:27 kernel: [    0.361857] pci 0000:00:17.4:   bridge window [mem 0xfc200000-0xfc2fffff]
May  4 10:21:27 kernel: [    0.361880] pci 0000:00:17.4:   bridge window [mem 0xe6800000-0xe68fffff 64bit pref]
May  4 10:21:27 kernel: [    0.361934] pci 0000:00:17.5: PCI bridge to [bus 18]
May  4 10:21:27 kernel: [    0.361969] pci 0000:00:17.5:   bridge window [mem 0xfbe00000-0xfbefffff]
May  4 10:21:27 kernel: [    0.361991] pci 0000:00:17.5:   bridge window [mem 0xe6400000-0xe64fffff 64bit pref]
May  4 10:21:27 kernel: [    0.362041] pci 0000:00:17.6: PCI bridge to [bus 19]
May  4 10:21:27 kernel: [    0.362075] pci 0000:00:17.6:   bridge window [mem 0xfba00000-0xfbafffff]
May  4 10:21:27 kernel: [    0.362098] pci 0000:00:17.6:   bridge window [mem 0xe6000000-0xe60fffff 64bit pref]
May  4 10:21:27 kernel: [    0.362148] pci 0000:00:17.7: PCI bridge to [bus 1a]
May  4 10:21:27 kernel: [    0.362182] pci 0000:00:17.7:   bridge window [mem 0xfb600000-0xfb6fffff]
May  4 10:21:27 kernel: [    0.362205] pci 0000:00:17.7:   bridge window [mem 0xe5c00000-0xe5cfffff 64bit pref]
May  4 10:21:27 kernel: [    0.362255] pci 0000:00:18.0: PCI bridge to [bus 1b]
May  4 10:21:27 kernel: [    0.362267] pci 0000:00:18.0:   bridge window [io  0x7000-0x7fff]
May  4 10:21:27 kernel: [    0.362301] pci 0000:00:18.0:   bridge window [mem 0xfd100000-0xfd1fffff]
May  4 10:21:27 kernel: [    0.362324] pci 0000:00:18.0:   bridge window [mem 0xe7700000-0xe77fffff 64bit pref]
May  4 10:21:27 kernel: [    0.362373] pci 0000:00:18.1: PCI bridge to [bus 1c]
May  4 10:21:27 kernel: [    0.362386] pci 0000:00:18.1:   bridge window [io  0xb000-0xbfff]
May  4 10:21:27 kernel: [    0.362419] pci 0000:00:18.1:   bridge window [mem 0xfcd00000-0xfcdfffff]
May  4 10:21:27 kernel: [    0.362442] pci 0000:00:18.1:   bridge window [mem 0xe7300000-0xe73fffff 64bit pref]
May  4 10:21:27 kernel: [    0.362492] pci 0000:00:18.2: PCI bridge to [bus 1d]
May  4 10:21:27 kernel: [    0.362526] pci 0000:00:18.2:   bridge window [mem 0xfc900000-0xfc9fffff]
May  4 10:21:27 kernel: [    0.362549] pci 0000:00:18.2:   bridge window [mem 0xe6f00000-0xe6ffffff 64bit pref]
May  4 10:21:27 kernel: [    0.362599] pci 0000:00:18.3: PCI bridge to [bus 1e]
May  4 10:21:27 kernel: [    0.362633] pci 0000:00:18.3:   bridge window [mem 0xfc500000-0xfc5fffff]
May  4 10:21:27 kernel: [    0.362656] pci 0000:00:18.3:   bridge window [mem 0xe6b00000-0xe6bfffff 64bit pref]
May  4 10:21:27 kernel: [    0.362705] pci 0000:00:18.4: PCI bridge to [bus 1f]
May  4 10:21:27 kernel: [    0.362739] pci 0000:00:18.4:   bridge window [mem 0xfc100000-0xfc1fffff]
May  4 10:21:27 kernel: [    0.362762] pci 0000:00:18.4:   bridge window [mem 0xe6700000-0xe67fffff 64bit pref]
May  4 10:21:27 kernel: [    0.362811] pci 0000:00:18.5: PCI bridge to [bus 20]
May  4 10:21:27 kernel: [    0.362845] pci 0000:00:18.5:   bridge window [mem 0xfbd00000-0xfbdfffff]
May  4 10:21:27 kernel: [    0.362868] pci 0000:00:18.5:   bridge window [mem 0xe6300000-0xe63fffff 64bit pref]
May  4 10:21:27 kernel: [    0.362918] pci 0000:00:18.6: PCI bridge to [bus 21]
May  4 10:21:27 kernel: [    0.362952] pci 0000:00:18.6:   bridge window [mem 0xfb900000-0xfb9fffff]
May  4 10:21:27 kernel: [    0.362977] pci 0000:00:18.6:   bridge window [mem 0xe5f00000-0xe5ffffff 64bit pref]
May  4 10:21:27 kernel: [    0.363028] pci 0000:00:18.7: PCI bridge to [bus 22]
May  4 10:21:27 kernel: [    0.363062] pci 0000:00:18.7:   bridge window [mem 0xfb500000-0xfb5fffff]
May  4 10:21:27 kernel: [    0.363085] pci 0000:00:18.7:   bridge window [mem 0xe5b00000-0xe5bfffff 64bit pref]
May  4 10:21:27 kernel: [    0.363135] pci_bus 0000:00: resource 4 [mem 0x000a0000-0x000bffff window]
May  4 10:21:27 kernel: [    0.363137] pci_bus 0000:00: resource 5 [mem 0x000d0000-0x000d3fff window]
May  4 10:21:27 kernel: [    0.363138] pci_bus 0000:00: resource 6 [mem 0x000d4000-0x000d7fff window]
May  4 10:21:27 kernel: [    0.363139] pci_bus 0000:00: resource 7 [mem 0x000d8000-0x000dbfff window]
May  4 10:21:27 kernel: [    0.363140] pci_bus 0000:00: resource 8 [mem 0xc0000000-0xfebfffff window]
May  4 10:21:27 kernel: [    0.363141] pci_bus 0000:00: resource 9 [io  0x0000-0x0cf7 window]
May  4 10:21:27 kernel: [    0.363142] pci_bus 0000:00: resource 10 [io  0x0d00-0xfeff window]
May  4 10:21:27 kernel: [    0.363144] pci_bus 0000:02: resource 0 [io  0x2000-0x3fff]
May  4 10:21:27 kernel: [    0.363145] pci_bus 0000:02: resource 1 [mem 0xfd500000-0xfdffffff]
May  4 10:21:27 kernel: [    0.363146] pci_bus 0000:02: resource 2 [mem 0xe7b00000-0xe7ffffff 64bit pref]
May  4 10:21:27 kernel: [    0.363147] pci_bus 0000:02: resource 4 [mem 0x000a0000-0x000bffff window]
May  4 10:21:27 kernel: [    0.363148] pci_bus 0000:02: resource 5 [mem 0x000d0000-0x000d3fff window]
May  4 10:21:27 kernel: [    0.363149] pci_bus 0000:02: resource 6 [mem 0x000d4000-0x000d7fff window]
May  4 10:21:27 kernel: [    0.363150] pci_bus 0000:02: resource 7 [mem 0x000d8000-0x000dbfff window]
May  4 10:21:27 kernel: [    0.363151] pci_bus 0000:02: resource 8 [mem 0xc0000000-0xfebfffff window]
May  4 10:21:27 kernel: [    0.363152] pci_bus 0000:02: resource 9 [io  0x0000-0x0cf7 window]
May  4 10:21:27 kernel: [    0.363153] pci_bus 0000:02: resource 10 [io  0x0d00-0xfeff window]
May  4 10:21:27 kernel: [    0.363155] pci_bus 0000:03: resource 0 [io  0x4000-0x4fff]
May  4 10:21:27 kernel: [    0.363156] pci_bus 0000:03: resource 1 [mem 0xfd400000-0xfd4fffff]
May  4 10:21:27 kernel: [    0.363157] pci_bus 0000:03: resource 2 [mem 0xe7a00000-0xe7afffff 64bit pref]
May  4 10:21:27 kernel: [    0.363158] pci_bus 0000:04: resource 0 [io  0x8000-0x8fff]
May  4 10:21:27 kernel: [    0.363159] pci_bus 0000:04: resource 1 [mem 0xfd000000-0xfd0fffff]
May  4 10:21:27 kernel: [    0.363160] pci_bus 0000:04: resource 2 [mem 0xe7600000-0xe76fffff 64bit pref]
May  4 10:21:27 kernel: [    0.363161] pci_bus 0000:05: resource 0 [io  0xc000-0xcfff]
May  4 10:21:27 kernel: [    0.363162] pci_bus 0000:05: resource 1 [mem 0xfcc00000-0xfccfffff]
May  4 10:21:27 kernel: [    0.363163] pci_bus 0000:05: resource 2 [mem 0xe7200000-0xe72fffff 64bit pref]
May  4 10:21:27 kernel: [    0.363165] pci_bus 0000:06: resource 1 [mem 0xfc800000-0xfc8fffff]
May  4 10:21:27 kernel: [    0.363166] pci_bus 0000:06: resource 2 [mem 0xe6e00000-0xe6efffff 64bit pref]
May  4 10:21:27 kernel: [    0.363167] pci_bus 0000:07: resource 1 [mem 0xfc400000-0xfc4fffff]
May  4 10:21:27 kernel: [    0.363168] pci_bus 0000:07: resource 2 [mem 0xe6a00000-0xe6afffff 64bit pref]
May  4 10:21:27 kernel: [    0.363169] pci_bus 0000:08: resource 1 [mem 0xfc000000-0xfc0fffff]
May  4 10:21:27 kernel: [    0.363170] pci_bus 0000:08: resource 2 [mem 0xe6600000-0xe66fffff 64bit pref]
May  4 10:21:27 kernel: [    0.363171] pci_bus 0000:09: resource 1 [mem 0xfbc00000-0xfbcfffff]
May  4 10:21:27 kernel: [    0.363172] pci_bus 0000:09: resource 2 [mem 0xe6200000-0xe62fffff 64bit pref]
May  4 10:21:27 kernel: [    0.363173] pci_bus 0000:0a: resource 1 [mem 0xfb800000-0xfb8fffff]
May  4 10:21:27 kernel: [    0.363174] pci_bus 0000:0a: resource 2 [mem 0xe5e00000-0xe5efffff 64bit pref]
May  4 10:21:27 kernel: [    0.363176] pci_bus 0000:0b: resource 0 [io  0x5000-0x5fff]
May  4 10:21:27 kernel: [    0.363177] pci_bus 0000:0b: resource 1 [mem 0xfd300000-0xfd3fffff]
May  4 10:21:27 kernel: [    0.363178] pci_bus 0000:0b: resource 2 [mem 0xe7900000-0xe79fffff 64bit pref]
May  4 10:21:27 kernel: [    0.363179] pci_bus 0000:0c: resource 0 [io  0x9000-0x9fff]
May  4 10:21:27 kernel: [    0.363180] pci_bus 0000:0c: resource 1 [mem 0xfcf00000-0xfcffffff]
May  4 10:21:27 kernel: [    0.363181] pci_bus 0000:0c: resource 2 [mem 0xe7500000-0xe75fffff 64bit pref]
May  4 10:21:27 kernel: [    0.363182] pci_bus 0000:0d: resource 0 [io  0xd000-0xdfff]
May  4 10:21:27 kernel: [    0.363183] pci_bus 0000:0d: resource 1 [mem 0xfcb00000-0xfcbfffff]
May  4 10:21:27 kernel: [    0.363184] pci_bus 0000:0d: resource 2 [mem 0xe7100000-0xe71fffff 64bit pref]
May  4 10:21:27 kernel: [    0.363185] pci_bus 0000:0e: resource 1 [mem 0xfc700000-0xfc7fffff]
May  4 10:21:27 kernel: [    0.363186] pci_bus 0000:0e: resource 2 [mem 0xe6d00000-0xe6dfffff 64bit pref]
May  4 10:21:27 kernel: [    0.363187] pci_bus 0000:0f: resource 1 [mem 0xfc300000-0xfc3fffff]
May  4 10:21:27 kernel: [    0.363188] pci_bus 0000:0f: resource 2 [mem 0xe6900000-0xe69fffff 64bit pref]
May  4 10:21:27 kernel: [    0.363189] pci_bus 0000:10: resource 1 [mem 0xfbf00000-0xfbffffff]
May  4 10:21:27 kernel: [    0.363190] pci_bus 0000:10: resource 2 [mem 0xe6500000-0xe65fffff 64bit pref]
May  4 10:21:27 kernel: [    0.363191] pci_bus 0000:11: resource 1 [mem 0xfbb00000-0xfbbfffff]
May  4 10:21:27 kernel: [    0.363192] pci_bus 0000:11: resource 2 [mem 0xe6100000-0xe61fffff 64bit pref]
May  4 10:21:27 kernel: [    0.363193] pci_bus 0000:12: resource 1 [mem 0xfb700000-0xfb7fffff]
May  4 10:21:27 kernel: [    0.363194] pci_bus 0000:12: resource 2 [mem 0xe5d00000-0xe5dfffff 64bit pref]
May  4 10:21:27 kernel: [    0.363195] pci_bus 0000:13: resource 0 [io  0x6000-0x6fff]
